Startpoint: pReset (input port clocked by prog_clk)
Endpoint: mem_bottom_track_1.sc_dff_compact_0_.sky130_fd_sc_hd__dfrbp_1
          (removal check against rising-edge clock prog_clk)
Path Group: **async_default**
Path Type: min

  Delay    Time   Description
---------------------------------------------------------
   0.00    0.00   clock prog_clk (rise edge)
   0.00    0.00   clock network delay (ideal)
   2.00    2.00 ^ input external delay
   0.10    2.10 ^ pReset (in)
   0.00    2.10 ^ mem_bottom_track_1.sc_dff_compact_0_.sky130_fd_sc_hd__dfrbp_1/RESET_B (sky130_fd_sc_hd__dfrbp_1)
           2.10   data arrival time

   0.00    0.00   clock prog_clk (rise edge)
   0.00    0.00   clock network delay (ideal)
   0.00    0.00   clock reconvergence pessimism
           0.00 ^ mem_bottom_track_1.sc_dff_compact_0_.sky130_fd_sc_hd__dfrbp_1/CLK (sky130_fd_sc_hd__dfrbp_1)
   0.22    0.22   library removal time
           0.22   data required time
---------------------------------------------------------
           0.22   data required time
          -2.10   data arrival time
---------------------------------------------------------
           1.88   slack (MET)


Startpoint: mem_bottom_track_1.sc_dff_compact_0_.sky130_fd_sc_hd__dfrbp_1
            (rising edge-triggered flip-flop clocked by prog_clk)
Endpoint: mem_bottom_track_1.sc_dff_compact_1_.sky130_fd_sc_hd__dfrbp_1
          (rising edge-triggered flip-flop clocked by prog_clk)
Path Group: prog_clk
Path Type: min

  Delay    Time   Description
---------------------------------------------------------
   0.00    0.00   clock prog_clk (rise edge)
   0.00    0.00   clock network delay (ideal)
   0.00    0.00 ^ mem_bottom_track_1.sc_dff_compact_0_.sky130_fd_sc_hd__dfrbp_1/CLK (sky130_fd_sc_hd__dfrbp_1)
   0.20    0.20 ^ mem_bottom_track_1.sc_dff_compact_0_.sky130_fd_sc_hd__dfrbp_1/Q (sky130_fd_sc_hd__dfrbp_1)
   0.00    0.20 ^ mem_bottom_track_1.sc_dff_compact_1_.sky130_fd_sc_hd__dfrbp_1/D (sky130_fd_sc_hd__dfrbp_1)
           0.20   data arrival time

   0.00    0.00   clock prog_clk (rise edge)
   0.00    0.00   clock network delay (ideal)
   0.00    0.00   clock reconvergence pessimism
           0.00 ^ mem_bottom_track_1.sc_dff_compact_1_.sky130_fd_sc_hd__dfrbp_1/CLK (sky130_fd_sc_hd__dfrbp_1)
  -0.02   -0.02   library hold time
          -0.02   data required time
---------------------------------------------------------
          -0.02   data required time
          -0.20   data arrival time
---------------------------------------------------------
           0.22   slack (MET)


Startpoint: pReset (input port clocked by prog_clk)
Endpoint: mem_bottom_track_1.sc_dff_compact_0_.sky130_fd_sc_hd__dfrbp_1
          (recovery check against rising-edge clock prog_clk)
Path Group: **async_default**
Path Type: max

  Delay    Time   Description
---------------------------------------------------------
   0.00    0.00   clock prog_clk (rise edge)
   0.00    0.00   clock network delay (ideal)
   2.00    2.00 ^ input external delay
   0.19    2.19 ^ pReset (in)
   0.00    2.19 ^ mem_bottom_track_1.sc_dff_compact_0_.sky130_fd_sc_hd__dfrbp_1/RESET_B (sky130_fd_sc_hd__dfrbp_1)
           2.19   data arrival time

  10.00   10.00   clock prog_clk (rise edge)
   0.00   10.00   clock network delay (ideal)
   0.00   10.00   clock reconvergence pessimism
          10.00 ^ mem_bottom_track_1.sc_dff_compact_0_.sky130_fd_sc_hd__dfrbp_1/CLK (sky130_fd_sc_hd__dfrbp_1)
   0.36   10.36   library recovery time
          10.36   data required time
---------------------------------------------------------
          10.36   data required time
          -2.19   data arrival time
---------------------------------------------------------
           8.17   slack (MET)


Startpoint: mem_left_track_17.sc_dff_compact_1_.sky130_fd_sc_hd__dfrbp_1
            (rising edge-triggered flip-flop clocked by prog_clk)
Endpoint: ccff_tail (output port clocked by prog_clk)
Path Group: prog_clk
Path Type: max

  Delay    Time   Description
---------------------------------------------------------
   0.00    0.00   clock prog_clk (rise edge)
   0.00    0.00   clock network delay (ideal)
   0.00    0.00 ^ mem_left_track_17.sc_dff_compact_1_.sky130_fd_sc_hd__dfrbp_1/CLK (sky130_fd_sc_hd__dfrbp_1)
   0.97    0.97 v mem_left_track_17.sc_dff_compact_1_.sky130_fd_sc_hd__dfrbp_1/Q (sky130_fd_sc_hd__dfrbp_1)
   0.00    0.97 v ccff_tail (out)
           0.97   data arrival time

  10.00   10.00   clock prog_clk (rise edge)
   0.00   10.00   clock network delay (ideal)
   0.00   10.00   clock reconvergence pessimism
  -2.00    8.00   output external delay
           8.00   data required time
---------------------------------------------------------
           8.00   data required time
          -0.97   data arrival time
---------------------------------------------------------
           7.03   slack (MET)


