
24. Executing CHECK pass (checking for obvious problems).
checking module sb_0__1_..
Warning: multiple conflicting drivers for sb_0__1_.\mux_top_track_8.mux_2level_tapbuf_size8_basis_size3_3_out:
    port Z[0] of cell mux_top_track_8.mux_l2_in_0_.TGATE_0_.sky130_fd_sc_hd__ebufn_1 (sky130_fd_sc_hd__ebufn_1)
    port Z[0] of cell mux_top_track_8.mux_l2_in_0_.TGATE_1_.sky130_fd_sc_hd__ebufn_1 (sky130_fd_sc_hd__ebufn_1)
    port Z[0] of cell mux_top_track_8.mux_l2_in_0_.TGATE_2_.sky130_fd_sc_hd__ebufn_1 (sky130_fd_sc_hd__ebufn_1)
Warning: multiple conflicting drivers for sb_0__1_.\mux_top_track_8.mux_2level_tapbuf_size8_basis_size3_2_out:
    port Z[0] of cell mux_top_track_8.mux_l1_in_2_.TGATE_0_.sky130_fd_sc_hd__ebufn_1 (sky130_fd_sc_hd__ebufn_1)
    port Z[0] of cell mux_top_track_8.mux_l1_in_2_.TGATE_1_.sky130_fd_sc_hd__ebufn_1 (sky130_fd_sc_hd__ebufn_1)
    port Z[0] of cell mux_top_track_8.mux_l1_in_2_.TGATE_2_.sky130_fd_sc_hd__ebufn_1 (sky130_fd_sc_hd__ebufn_1)
Warning: multiple conflicting drivers for sb_0__1_.\mux_top_track_8.mux_2level_tapbuf_size8_basis_size3_1_out:
    port Z[0] of cell mux_top_track_8.mux_l1_in_1_.TGATE_0_.sky130_fd_sc_hd__ebufn_1 (sky130_fd_sc_hd__ebufn_1)
    port Z[0] of cell mux_top_track_8.mux_l1_in_1_.TGATE_1_.sky130_fd_sc_hd__ebufn_1 (sky130_fd_sc_hd__ebufn_1)
    port Z[0] of cell mux_top_track_8.mux_l1_in_1_.TGATE_2_.sky130_fd_sc_hd__ebufn_1 (sky130_fd_sc_hd__ebufn_1)
Warning: multiple conflicting drivers for sb_0__1_.\mux_top_track_8.mux_2level_tapbuf_size8_basis_size3_0_out:
    port Z[0] of cell mux_top_track_8.mux_l1_in_0_.TGATE_0_.sky130_fd_sc_hd__ebufn_1 (sky130_fd_sc_hd__ebufn_1)
    port Z[0] of cell mux_top_track_8.mux_l1_in_0_.TGATE_1_.sky130_fd_sc_hd__ebufn_1 (sky130_fd_sc_hd__ebufn_1)
    port Z[0] of cell mux_top_track_8.mux_l1_in_0_.TGATE_2_.sky130_fd_sc_hd__ebufn_1 (sky130_fd_sc_hd__ebufn_1)
Warning: multiple conflicting drivers for sb_0__1_.\mux_top_track_16.mux_2level_tapbuf_size8_basis_size3_3_out:
    port Z[0] of cell mux_top_track_16.mux_l2_in_0_.TGATE_0_.sky130_fd_sc_hd__ebufn_1 (sky130_fd_sc_hd__ebufn_1)
    port Z[0] of cell mux_top_track_16.mux_l2_in_0_.TGATE_1_.sky130_fd_sc_hd__ebufn_1 (sky130_fd_sc_hd__ebufn_1)
    port Z[0] of cell mux_top_track_16.mux_l2_in_0_.TGATE_2_.sky130_fd_sc_hd__ebufn_1 (sky130_fd_sc_hd__ebufn_1)
Warning: multiple conflicting drivers for sb_0__1_.\mux_top_track_16.mux_2level_tapbuf_size8_basis_size3_2_out:
    port Z[0] of cell mux_top_track_16.mux_l1_in_2_.TGATE_0_.sky130_fd_sc_hd__ebufn_1 (sky130_fd_sc_hd__ebufn_1)
    port Z[0] of cell mux_top_track_16.mux_l1_in_2_.TGATE_1_.sky130_fd_sc_hd__ebufn_1 (sky130_fd_sc_hd__ebufn_1)
    port Z[0] of cell mux_top_track_16.mux_l1_in_2_.TGATE_2_.sky130_fd_sc_hd__ebufn_1 (sky130_fd_sc_hd__ebufn_1)
Warning: multiple conflicting drivers for sb_0__1_.\mux_top_track_16.mux_2level_tapbuf_size8_basis_size3_1_out:
    port Z[0] of cell mux_top_track_16.mux_l1_in_1_.TGATE_0_.sky130_fd_sc_hd__ebufn_1 (sky130_fd_sc_hd__ebufn_1)
    port Z[0] of cell mux_top_track_16.mux_l1_in_1_.TGATE_1_.sky130_fd_sc_hd__ebufn_1 (sky130_fd_sc_hd__ebufn_1)
    port Z[0] of cell mux_top_track_16.mux_l1_in_1_.TGATE_2_.sky130_fd_sc_hd__ebufn_1 (sky130_fd_sc_hd__ebufn_1)
Warning: multiple conflicting drivers for sb_0__1_.\mux_top_track_16.mux_2level_tapbuf_size8_basis_size3_0_out:
    port Z[0] of cell mux_top_track_16.mux_l1_in_0_.TGATE_0_.sky130_fd_sc_hd__ebufn_1 (sky130_fd_sc_hd__ebufn_1)
    port Z[0] of cell mux_top_track_16.mux_l1_in_0_.TGATE_1_.sky130_fd_sc_hd__ebufn_1 (sky130_fd_sc_hd__ebufn_1)
    port Z[0] of cell mux_top_track_16.mux_l1_in_0_.TGATE_2_.sky130_fd_sc_hd__ebufn_1 (sky130_fd_sc_hd__ebufn_1)
Warning: multiple conflicting drivers for sb_0__1_.\mux_top_track_0.mux_2level_tapbuf_size8_basis_size3_3_out:
    port Z[0] of cell mux_top_track_0.mux_l2_in_0_.TGATE_0_.sky130_fd_sc_hd__ebufn_1 (sky130_fd_sc_hd__ebufn_1)
    port Z[0] of cell mux_top_track_0.mux_l2_in_0_.TGATE_1_.sky130_fd_sc_hd__ebufn_1 (sky130_fd_sc_hd__ebufn_1)
    port Z[0] of cell mux_top_track_0.mux_l2_in_0_.TGATE_2_.sky130_fd_sc_hd__ebufn_1 (sky130_fd_sc_hd__ebufn_1)
Warning: multiple conflicting drivers for sb_0__1_.\mux_top_track_0.mux_2level_tapbuf_size8_basis_size3_2_out:
    port Z[0] of cell mux_top_track_0.mux_l1_in_2_.TGATE_0_.sky130_fd_sc_hd__ebufn_1 (sky130_fd_sc_hd__ebufn_1)
    port Z[0] of cell mux_top_track_0.mux_l1_in_2_.TGATE_1_.sky130_fd_sc_hd__ebufn_1 (sky130_fd_sc_hd__ebufn_1)
    port Z[0] of cell mux_top_track_0.mux_l1_in_2_.TGATE_2_.sky130_fd_sc_hd__ebufn_1 (sky130_fd_sc_hd__ebufn_1)
Warning: multiple conflicting drivers for sb_0__1_.\mux_top_track_0.mux_2level_tapbuf_size8_basis_size3_1_out:
    port Z[0] of cell mux_top_track_0.mux_l1_in_1_.TGATE_0_.sky130_fd_sc_hd__ebufn_1 (sky130_fd_sc_hd__ebufn_1)
    port Z[0] of cell mux_top_track_0.mux_l1_in_1_.TGATE_1_.sky130_fd_sc_hd__ebufn_1 (sky130_fd_sc_hd__ebufn_1)
    port Z[0] of cell mux_top_track_0.mux_l1_in_1_.TGATE_2_.sky130_fd_sc_hd__ebufn_1 (sky130_fd_sc_hd__ebufn_1)
Warning: multiple conflicting drivers for sb_0__1_.\mux_top_track_0.mux_2level_tapbuf_size8_basis_size3_0_out:
    port Z[0] of cell mux_top_track_0.mux_l1_in_0_.TGATE_0_.sky130_fd_sc_hd__ebufn_1 (sky130_fd_sc_hd__ebufn_1)
    port Z[0] of cell mux_top_track_0.mux_l1_in_0_.TGATE_1_.sky130_fd_sc_hd__ebufn_1 (sky130_fd_sc_hd__ebufn_1)
    port Z[0] of cell mux_top_track_0.mux_l1_in_0_.TGATE_2_.sky130_fd_sc_hd__ebufn_1 (sky130_fd_sc_hd__ebufn_1)
Warning: multiple conflicting drivers for sb_0__1_.\mux_right_track_8.mux_2level_tapbuf_size2_basis_size2_1_out:
    port Z[0] of cell mux_right_track_8.mux_l2_in_0_.TGATE_0_.sky130_fd_sc_hd__ebufn_1 (sky130_fd_sc_hd__ebufn_1)
    port Z[0] of cell mux_right_track_8.mux_l2_in_0_.TGATE_1_.sky130_fd_sc_hd__ebufn_1 (sky130_fd_sc_hd__ebufn_1)
Warning: multiple conflicting drivers for sb_0__1_.\mux_right_track_8.mux_2level_tapbuf_size2_basis_size2_0_out:
    port Z[0] of cell mux_right_track_8.mux_l1_in_0_.TGATE_0_.sky130_fd_sc_hd__ebufn_1 (sky130_fd_sc_hd__ebufn_1)
    port Z[0] of cell mux_right_track_8.mux_l1_in_0_.TGATE_1_.sky130_fd_sc_hd__ebufn_1 (sky130_fd_sc_hd__ebufn_1)
Warning: multiple conflicting drivers for sb_0__1_.\mux_right_track_6.mux_2level_tapbuf_size3_basis_size2_2_out:
    port Z[0] of cell mux_right_track_6.mux_l2_in_0_.TGATE_0_.sky130_fd_sc_hd__ebufn_1 (sky130_fd_sc_hd__ebufn_1)
    port Z[0] of cell mux_right_track_6.mux_l2_in_0_.TGATE_1_.sky130_fd_sc_hd__ebufn_1 (sky130_fd_sc_hd__ebufn_1)
Warning: multiple conflicting drivers for sb_0__1_.\mux_right_track_6.mux_2level_tapbuf_size3_basis_size2_1_out:
    port Z[0] of cell mux_right_track_6.mux_l1_in_1_.TGATE_0_.sky130_fd_sc_hd__ebufn_1 (sky130_fd_sc_hd__ebufn_1)
    port Z[0] of cell mux_right_track_6.mux_l1_in_1_.TGATE_1_.sky130_fd_sc_hd__ebufn_1 (sky130_fd_sc_hd__ebufn_1)
Warning: multiple conflicting drivers for sb_0__1_.\mux_right_track_6.mux_2level_tapbuf_size3_basis_size2_0_out:
    port Z[0] of cell mux_right_track_6.mux_l1_in_0_.TGATE_0_.sky130_fd_sc_hd__ebufn_1 (sky130_fd_sc_hd__ebufn_1)
    port Z[0] of cell mux_right_track_6.mux_l1_in_0_.TGATE_1_.sky130_fd_sc_hd__ebufn_1 (sky130_fd_sc_hd__ebufn_1)
Warning: multiple conflicting drivers for sb_0__1_.\mux_right_track_4.mux_2level_tapbuf_size3_basis_size2_2_out:
    port Z[0] of cell mux_right_track_4.mux_l2_in_0_.TGATE_0_.sky130_fd_sc_hd__ebufn_1 (sky130_fd_sc_hd__ebufn_1)
    port Z[0] of cell mux_right_track_4.mux_l2_in_0_.TGATE_1_.sky130_fd_sc_hd__ebufn_1 (sky130_fd_sc_hd__ebufn_1)
Warning: multiple conflicting drivers for sb_0__1_.\mux_right_track_4.mux_2level_tapbuf_size3_basis_size2_1_out:
    port Z[0] of cell mux_right_track_4.mux_l1_in_1_.TGATE_0_.sky130_fd_sc_hd__ebufn_1 (sky130_fd_sc_hd__ebufn_1)
    port Z[0] of cell mux_right_track_4.mux_l1_in_1_.TGATE_1_.sky130_fd_sc_hd__ebufn_1 (sky130_fd_sc_hd__ebufn_1)
Warning: multiple conflicting drivers for sb_0__1_.\mux_right_track_4.mux_2level_tapbuf_size3_basis_size2_0_out:
    port Z[0] of cell mux_right_track_4.mux_l1_in_0_.TGATE_0_.sky130_fd_sc_hd__ebufn_1 (sky130_fd_sc_hd__ebufn_1)
    port Z[0] of cell mux_right_track_4.mux_l1_in_0_.TGATE_1_.sky130_fd_sc_hd__ebufn_1 (sky130_fd_sc_hd__ebufn_1)
Warning: multiple conflicting drivers for sb_0__1_.\mux_right_track_2.mux_2level_tapbuf_size3_basis_size2_2_out:
    port Z[0] of cell mux_right_track_2.mux_l2_in_0_.TGATE_0_.sky130_fd_sc_hd__ebufn_1 (sky130_fd_sc_hd__ebufn_1)
    port Z[0] of cell mux_right_track_2.mux_l2_in_0_.TGATE_1_.sky130_fd_sc_hd__ebufn_1 (sky130_fd_sc_hd__ebufn_1)
Warning: multiple conflicting drivers for sb_0__1_.\mux_right_track_2.mux_2level_tapbuf_size3_basis_size2_1_out:
    port Z[0] of cell mux_right_track_2.mux_l1_in_1_.TGATE_0_.sky130_fd_sc_hd__ebufn_1 (sky130_fd_sc_hd__ebufn_1)
    port Z[0] of cell mux_right_track_2.mux_l1_in_1_.TGATE_1_.sky130_fd_sc_hd__ebufn_1 (sky130_fd_sc_hd__ebufn_1)
Warning: multiple conflicting drivers for sb_0__1_.\mux_right_track_2.mux_2level_tapbuf_size3_basis_size2_0_out:
    port Z[0] of cell mux_right_track_2.mux_l1_in_0_.TGATE_0_.sky130_fd_sc_hd__ebufn_1 (sky130_fd_sc_hd__ebufn_1)
    port Z[0] of cell mux_right_track_2.mux_l1_in_0_.TGATE_1_.sky130_fd_sc_hd__ebufn_1 (sky130_fd_sc_hd__ebufn_1)
Warning: multiple conflicting drivers for sb_0__1_.\mux_right_track_14.mux_2level_tapbuf_size2_basis_size2_1_out:
    port Z[0] of cell mux_right_track_14.mux_l2_in_0_.TGATE_0_.sky130_fd_sc_hd__ebufn_1 (sky130_fd_sc_hd__ebufn_1)
    port Z[0] of cell mux_right_track_14.mux_l2_in_0_.TGATE_1_.sky130_fd_sc_hd__ebufn_1 (sky130_fd_sc_hd__ebufn_1)
Warning: multiple conflicting drivers for sb_0__1_.\mux_right_track_14.mux_2level_tapbuf_size2_basis_size2_0_out:
    port Z[0] of cell mux_right_track_14.mux_l1_in_0_.TGATE_0_.sky130_fd_sc_hd__ebufn_1 (sky130_fd_sc_hd__ebufn_1)
    port Z[0] of cell mux_right_track_14.mux_l1_in_0_.TGATE_1_.sky130_fd_sc_hd__ebufn_1 (sky130_fd_sc_hd__ebufn_1)
Warning: multiple conflicting drivers for sb_0__1_.\mux_right_track_12.mux_2level_tapbuf_size3_basis_size2_2_out:
    port Z[0] of cell mux_right_track_12.mux_l2_in_0_.TGATE_0_.sky130_fd_sc_hd__ebufn_1 (sky130_fd_sc_hd__ebufn_1)
    port Z[0] of cell mux_right_track_12.mux_l2_in_0_.TGATE_1_.sky130_fd_sc_hd__ebufn_1 (sky130_fd_sc_hd__ebufn_1)
Warning: multiple conflicting drivers for sb_0__1_.\mux_right_track_12.mux_2level_tapbuf_size3_basis_size2_1_out:
    port Z[0] of cell mux_right_track_12.mux_l1_in_1_.TGATE_0_.sky130_fd_sc_hd__ebufn_1 (sky130_fd_sc_hd__ebufn_1)
    port Z[0] of cell mux_right_track_12.mux_l1_in_1_.TGATE_1_.sky130_fd_sc_hd__ebufn_1 (sky130_fd_sc_hd__ebufn_1)
Warning: multiple conflicting drivers for sb_0__1_.\mux_right_track_12.mux_2level_tapbuf_size3_basis_size2_0_out:
    port Z[0] of cell mux_right_track_12.mux_l1_in_0_.TGATE_0_.sky130_fd_sc_hd__ebufn_1 (sky130_fd_sc_hd__ebufn_1)
    port Z[0] of cell mux_right_track_12.mux_l1_in_0_.TGATE_1_.sky130_fd_sc_hd__ebufn_1 (sky130_fd_sc_hd__ebufn_1)
Warning: multiple conflicting drivers for sb_0__1_.\mux_right_track_10.mux_2level_tapbuf_size3_basis_size2_2_out:
    port Z[0] of cell mux_right_track_10.mux_l2_in_0_.TGATE_0_.sky130_fd_sc_hd__ebufn_1 (sky130_fd_sc_hd__ebufn_1)
    port Z[0] of cell mux_right_track_10.mux_l2_in_0_.TGATE_1_.sky130_fd_sc_hd__ebufn_1 (sky130_fd_sc_hd__ebufn_1)
Warning: multiple conflicting drivers for sb_0__1_.\mux_right_track_10.mux_2level_tapbuf_size3_basis_size2_1_out:
    port Z[0] of cell mux_right_track_10.mux_l1_in_1_.TGATE_0_.sky130_fd_sc_hd__ebufn_1 (sky130_fd_sc_hd__ebufn_1)
    port Z[0] of cell mux_right_track_10.mux_l1_in_1_.TGATE_1_.sky130_fd_sc_hd__ebufn_1 (sky130_fd_sc_hd__ebufn_1)
Warning: multiple conflicting drivers for sb_0__1_.\mux_right_track_10.mux_2level_tapbuf_size3_basis_size2_0_out:
    port Z[0] of cell mux_right_track_10.mux_l1_in_0_.TGATE_0_.sky130_fd_sc_hd__ebufn_1 (sky130_fd_sc_hd__ebufn_1)
    port Z[0] of cell mux_right_track_10.mux_l1_in_0_.TGATE_1_.sky130_fd_sc_hd__ebufn_1 (sky130_fd_sc_hd__ebufn_1)
Warning: multiple conflicting drivers for sb_0__1_.\mux_bottom_track_9.mux_2level_tapbuf_size8_basis_size3_3_out:
    port Z[0] of cell mux_bottom_track_9.mux_l2_in_0_.TGATE_0_.sky130_fd_sc_hd__ebufn_1 (sky130_fd_sc_hd__ebufn_1)
    port Z[0] of cell mux_bottom_track_9.mux_l2_in_0_.TGATE_1_.sky130_fd_sc_hd__ebufn_1 (sky130_fd_sc_hd__ebufn_1)
    port Z[0] of cell mux_bottom_track_9.mux_l2_in_0_.TGATE_2_.sky130_fd_sc_hd__ebufn_1 (sky130_fd_sc_hd__ebufn_1)
Warning: multiple conflicting drivers for sb_0__1_.\mux_bottom_track_9.mux_2level_tapbuf_size8_basis_size3_2_out:
    port Z[0] of cell mux_bottom_track_9.mux_l1_in_2_.TGATE_0_.sky130_fd_sc_hd__ebufn_1 (sky130_fd_sc_hd__ebufn_1)
    port Z[0] of cell mux_bottom_track_9.mux_l1_in_2_.TGATE_1_.sky130_fd_sc_hd__ebufn_1 (sky130_fd_sc_hd__ebufn_1)
    port Z[0] of cell mux_bottom_track_9.mux_l1_in_2_.TGATE_2_.sky130_fd_sc_hd__ebufn_1 (sky130_fd_sc_hd__ebufn_1)
Warning: multiple conflicting drivers for sb_0__1_.\mux_bottom_track_9.mux_2level_tapbuf_size8_basis_size3_1_out:
    port Z[0] of cell mux_bottom_track_9.mux_l1_in_1_.TGATE_0_.sky130_fd_sc_hd__ebufn_1 (sky130_fd_sc_hd__ebufn_1)
    port Z[0] of cell mux_bottom_track_9.mux_l1_in_1_.TGATE_1_.sky130_fd_sc_hd__ebufn_1 (sky130_fd_sc_hd__ebufn_1)
    port Z[0] of cell mux_bottom_track_9.mux_l1_in_1_.TGATE_2_.sky130_fd_sc_hd__ebufn_1 (sky130_fd_sc_hd__ebufn_1)
Warning: multiple conflicting drivers for sb_0__1_.\mux_bottom_track_9.mux_2level_tapbuf_size8_basis_size3_0_out:
    port Z[0] of cell mux_bottom_track_9.mux_l1_in_0_.TGATE_0_.sky130_fd_sc_hd__ebufn_1 (sky130_fd_sc_hd__ebufn_1)
    port Z[0] of cell mux_bottom_track_9.mux_l1_in_0_.TGATE_1_.sky130_fd_sc_hd__ebufn_1 (sky130_fd_sc_hd__ebufn_1)
    port Z[0] of cell mux_bottom_track_9.mux_l1_in_0_.TGATE_2_.sky130_fd_sc_hd__ebufn_1 (sky130_fd_sc_hd__ebufn_1)
Warning: multiple conflicting drivers for sb_0__1_.\mux_bottom_track_17.mux_2level_tapbuf_size8_basis_size3_3_out:
    port Z[0] of cell mux_bottom_track_17.mux_l2_in_0_.TGATE_0_.sky130_fd_sc_hd__ebufn_1 (sky130_fd_sc_hd__ebufn_1)
    port Z[0] of cell mux_bottom_track_17.mux_l2_in_0_.TGATE_1_.sky130_fd_sc_hd__ebufn_1 (sky130_fd_sc_hd__ebufn_1)
    port Z[0] of cell mux_bottom_track_17.mux_l2_in_0_.TGATE_2_.sky130_fd_sc_hd__ebufn_1 (sky130_fd_sc_hd__ebufn_1)
Warning: multiple conflicting drivers for sb_0__1_.\mux_bottom_track_17.mux_2level_tapbuf_size8_basis_size3_2_out:
    port Z[0] of cell mux_bottom_track_17.mux_l1_in_2_.TGATE_0_.sky130_fd_sc_hd__ebufn_1 (sky130_fd_sc_hd__ebufn_1)
    port Z[0] of cell mux_bottom_track_17.mux_l1_in_2_.TGATE_1_.sky130_fd_sc_hd__ebufn_1 (sky130_fd_sc_hd__ebufn_1)
    port Z[0] of cell mux_bottom_track_17.mux_l1_in_2_.TGATE_2_.sky130_fd_sc_hd__ebufn_1 (sky130_fd_sc_hd__ebufn_1)
Warning: multiple conflicting drivers for sb_0__1_.\mux_bottom_track_17.mux_2level_tapbuf_size8_basis_size3_1_out:
    port Z[0] of cell mux_bottom_track_17.mux_l1_in_1_.TGATE_0_.sky130_fd_sc_hd__ebufn_1 (sky130_fd_sc_hd__ebufn_1)
    port Z[0] of cell mux_bottom_track_17.mux_l1_in_1_.TGATE_1_.sky130_fd_sc_hd__ebufn_1 (sky130_fd_sc_hd__ebufn_1)
    port Z[0] of cell mux_bottom_track_17.mux_l1_in_1_.TGATE_2_.sky130_fd_sc_hd__ebufn_1 (sky130_fd_sc_hd__ebufn_1)
Warning: multiple conflicting drivers for sb_0__1_.\mux_bottom_track_17.mux_2level_tapbuf_size8_basis_size3_0_out:
    port Z[0] of cell mux_bottom_track_17.mux_l1_in_0_.TGATE_0_.sky130_fd_sc_hd__ebufn_1 (sky130_fd_sc_hd__ebufn_1)
    port Z[0] of cell mux_bottom_track_17.mux_l1_in_0_.TGATE_1_.sky130_fd_sc_hd__ebufn_1 (sky130_fd_sc_hd__ebufn_1)
    port Z[0] of cell mux_bottom_track_17.mux_l1_in_0_.TGATE_2_.sky130_fd_sc_hd__ebufn_1 (sky130_fd_sc_hd__ebufn_1)
Warning: multiple conflicting drivers for sb_0__1_.\mux_bottom_track_1.mux_2level_tapbuf_size8_basis_size3_3_out:
    port Z[0] of cell mux_bottom_track_1.mux_l2_in_0_.TGATE_0_.sky130_fd_sc_hd__ebufn_1 (sky130_fd_sc_hd__ebufn_1)
    port Z[0] of cell mux_bottom_track_1.mux_l2_in_0_.TGATE_1_.sky130_fd_sc_hd__ebufn_1 (sky130_fd_sc_hd__ebufn_1)
    port Z[0] of cell mux_bottom_track_1.mux_l2_in_0_.TGATE_2_.sky130_fd_sc_hd__ebufn_1 (sky130_fd_sc_hd__ebufn_1)
Warning: multiple conflicting drivers for sb_0__1_.\mux_bottom_track_1.mux_2level_tapbuf_size8_basis_size3_2_out:
    port Z[0] of cell mux_bottom_track_1.mux_l1_in_2_.TGATE_0_.sky130_fd_sc_hd__ebufn_1 (sky130_fd_sc_hd__ebufn_1)
    port Z[0] of cell mux_bottom_track_1.mux_l1_in_2_.TGATE_1_.sky130_fd_sc_hd__ebufn_1 (sky130_fd_sc_hd__ebufn_1)
    port Z[0] of cell mux_bottom_track_1.mux_l1_in_2_.TGATE_2_.sky130_fd_sc_hd__ebufn_1 (sky130_fd_sc_hd__ebufn_1)
Warning: multiple conflicting drivers for sb_0__1_.\mux_bottom_track_1.mux_2level_tapbuf_size8_basis_size3_1_out:
    port Z[0] of cell mux_bottom_track_1.mux_l1_in_1_.TGATE_0_.sky130_fd_sc_hd__ebufn_1 (sky130_fd_sc_hd__ebufn_1)
    port Z[0] of cell mux_bottom_track_1.mux_l1_in_1_.TGATE_1_.sky130_fd_sc_hd__ebufn_1 (sky130_fd_sc_hd__ebufn_1)
    port Z[0] of cell mux_bottom_track_1.mux_l1_in_1_.TGATE_2_.sky130_fd_sc_hd__ebufn_1 (sky130_fd_sc_hd__ebufn_1)
Warning: multiple conflicting drivers for sb_0__1_.\mux_bottom_track_1.mux_2level_tapbuf_size8_basis_size3_0_out:
    port Z[0] of cell mux_bottom_track_1.mux_l1_in_0_.TGATE_0_.sky130_fd_sc_hd__ebufn_1 (sky130_fd_sc_hd__ebufn_1)
    port Z[0] of cell mux_bottom_track_1.mux_l1_in_0_.TGATE_1_.sky130_fd_sc_hd__ebufn_1 (sky130_fd_sc_hd__ebufn_1)
    port Z[0] of cell mux_bottom_track_1.mux_l1_in_0_.TGATE_2_.sky130_fd_sc_hd__ebufn_1 (sky130_fd_sc_hd__ebufn_1)
Warning: Wire sb_0__1_.$auto$hilomap.cc:39:hilomap_worker$103 is used but has no driver.
Warning: Wire sb_0__1_.$auto$hilomap.cc:39:hilomap_worker$101 is used but has no driver.
Warning: Wire sb_0__1_.$auto$hilomap.cc:39:hilomap_worker$99 is used but has no driver.
Warning: Wire sb_0__1_.$auto$hilomap.cc:39:hilomap_worker$97 is used but has no driver.
Warning: Wire sb_0__1_.$auto$hilomap.cc:39:hilomap_worker$95 is used but has no driver.
Warning: Wire sb_0__1_.$auto$hilomap.cc:39:hilomap_worker$93 is used but has no driver.
Warning: Wire sb_0__1_.$auto$hilomap.cc:39:hilomap_worker$91 is used but has no driver.
Warning: Wire sb_0__1_.$auto$hilomap.cc:39:hilomap_worker$89 is used but has no driver.
Warning: Wire sb_0__1_.$auto$hilomap.cc:39:hilomap_worker$87 is used but has no driver.
Warning: Wire sb_0__1_.$auto$hilomap.cc:39:hilomap_worker$85 is used but has no driver.
Warning: Wire sb_0__1_.$auto$hilomap.cc:39:hilomap_worker$83 is used but has no driver.
Warning: Wire sb_0__1_.$auto$hilomap.cc:39:hilomap_worker$81 is used but has no driver.
Warning: Wire sb_0__1_.$auto$hilomap.cc:39:hilomap_worker$79 is used but has no driver.
Warning: Wire sb_0__1_.$abc$75$flatten\mem_bottom_track_1.\sc_dff_compact_0_.$not$/openLANE_flow/designs/sb_0__1_/src/user_defined_templates.v:61$3_Y is used but has no driver.
found and reported 57 problems.
