
24. Executing CHECK pass (checking for obvious problems).
checking module sb_0__0_..
Warning: multiple conflicting drivers for sb_0__0_.\mux_top_track_8.mux_2level_tapbuf_size2_basis_size2_1_out:
    port Z[0] of cell mux_top_track_8.mux_l2_in_0_.TGATE_0_.sky130_fd_sc_hd__ebufn_1 (sky130_fd_sc_hd__ebufn_1)
    port Z[0] of cell mux_top_track_8.mux_l2_in_0_.TGATE_1_.sky130_fd_sc_hd__ebufn_1 (sky130_fd_sc_hd__ebufn_1)
Warning: multiple conflicting drivers for sb_0__0_.\mux_top_track_8.mux_2level_tapbuf_size2_basis_size2_0_out:
    port Z[0] of cell mux_top_track_8.mux_l1_in_0_.TGATE_0_.sky130_fd_sc_hd__ebufn_1 (sky130_fd_sc_hd__ebufn_1)
    port Z[0] of cell mux_top_track_8.mux_l1_in_0_.TGATE_1_.sky130_fd_sc_hd__ebufn_1 (sky130_fd_sc_hd__ebufn_1)
Warning: multiple conflicting drivers for sb_0__0_.\mux_top_track_6.mux_2level_tapbuf_size2_basis_size2_1_out:
    port Z[0] of cell mux_top_track_6.mux_l2_in_0_.TGATE_0_.sky130_fd_sc_hd__ebufn_1 (sky130_fd_sc_hd__ebufn_1)
    port Z[0] of cell mux_top_track_6.mux_l2_in_0_.TGATE_1_.sky130_fd_sc_hd__ebufn_1 (sky130_fd_sc_hd__ebufn_1)
Warning: multiple conflicting drivers for sb_0__0_.\mux_top_track_6.mux_2level_tapbuf_size2_basis_size2_0_out:
    port Z[0] of cell mux_top_track_6.mux_l1_in_0_.TGATE_0_.sky130_fd_sc_hd__ebufn_1 (sky130_fd_sc_hd__ebufn_1)
    port Z[0] of cell mux_top_track_6.mux_l1_in_0_.TGATE_1_.sky130_fd_sc_hd__ebufn_1 (sky130_fd_sc_hd__ebufn_1)
Warning: multiple conflicting drivers for sb_0__0_.\mux_top_track_4.mux_2level_tapbuf_size2_basis_size2_1_out:
    port Z[0] of cell mux_top_track_4.mux_l2_in_0_.TGATE_0_.sky130_fd_sc_hd__ebufn_1 (sky130_fd_sc_hd__ebufn_1)
    port Z[0] of cell mux_top_track_4.mux_l2_in_0_.TGATE_1_.sky130_fd_sc_hd__ebufn_1 (sky130_fd_sc_hd__ebufn_1)
Warning: multiple conflicting drivers for sb_0__0_.\mux_top_track_4.mux_2level_tapbuf_size2_basis_size2_0_out:
    port Z[0] of cell mux_top_track_4.mux_l1_in_0_.TGATE_0_.sky130_fd_sc_hd__ebufn_1 (sky130_fd_sc_hd__ebufn_1)
    port Z[0] of cell mux_top_track_4.mux_l1_in_0_.TGATE_1_.sky130_fd_sc_hd__ebufn_1 (sky130_fd_sc_hd__ebufn_1)
Warning: multiple conflicting drivers for sb_0__0_.\mux_top_track_2.mux_2level_tapbuf_size2_basis_size2_1_out:
    port Z[0] of cell mux_top_track_2.mux_l2_in_0_.TGATE_0_.sky130_fd_sc_hd__ebufn_1 (sky130_fd_sc_hd__ebufn_1)
    port Z[0] of cell mux_top_track_2.mux_l2_in_0_.TGATE_1_.sky130_fd_sc_hd__ebufn_1 (sky130_fd_sc_hd__ebufn_1)
Warning: multiple conflicting drivers for sb_0__0_.\mux_top_track_2.mux_2level_tapbuf_size2_basis_size2_0_out:
    port Z[0] of cell mux_top_track_2.mux_l1_in_0_.TGATE_0_.sky130_fd_sc_hd__ebufn_1 (sky130_fd_sc_hd__ebufn_1)
    port Z[0] of cell mux_top_track_2.mux_l1_in_0_.TGATE_1_.sky130_fd_sc_hd__ebufn_1 (sky130_fd_sc_hd__ebufn_1)
Warning: multiple conflicting drivers for sb_0__0_.\mux_top_track_16.mux_2level_tapbuf_size2_basis_size2_1_out:
    port Z[0] of cell mux_top_track_16.mux_l2_in_0_.TGATE_0_.sky130_fd_sc_hd__ebufn_1 (sky130_fd_sc_hd__ebufn_1)
    port Z[0] of cell mux_top_track_16.mux_l2_in_0_.TGATE_1_.sky130_fd_sc_hd__ebufn_1 (sky130_fd_sc_hd__ebufn_1)
Warning: multiple conflicting drivers for sb_0__0_.\mux_top_track_16.mux_2level_tapbuf_size2_basis_size2_0_out:
    port Z[0] of cell mux_top_track_16.mux_l1_in_0_.TGATE_0_.sky130_fd_sc_hd__ebufn_1 (sky130_fd_sc_hd__ebufn_1)
    port Z[0] of cell mux_top_track_16.mux_l1_in_0_.TGATE_1_.sky130_fd_sc_hd__ebufn_1 (sky130_fd_sc_hd__ebufn_1)
Warning: multiple conflicting drivers for sb_0__0_.\mux_top_track_14.mux_2level_tapbuf_size2_basis_size2_1_out:
    port Z[0] of cell mux_top_track_14.mux_l2_in_0_.TGATE_0_.sky130_fd_sc_hd__ebufn_1 (sky130_fd_sc_hd__ebufn_1)
    port Z[0] of cell mux_top_track_14.mux_l2_in_0_.TGATE_1_.sky130_fd_sc_hd__ebufn_1 (sky130_fd_sc_hd__ebufn_1)
Warning: multiple conflicting drivers for sb_0__0_.\mux_top_track_14.mux_2level_tapbuf_size2_basis_size2_0_out:
    port Z[0] of cell mux_top_track_14.mux_l1_in_0_.TGATE_0_.sky130_fd_sc_hd__ebufn_1 (sky130_fd_sc_hd__ebufn_1)
    port Z[0] of cell mux_top_track_14.mux_l1_in_0_.TGATE_1_.sky130_fd_sc_hd__ebufn_1 (sky130_fd_sc_hd__ebufn_1)
Warning: multiple conflicting drivers for sb_0__0_.\mux_top_track_12.mux_2level_tapbuf_size2_basis_size2_1_out:
    port Z[0] of cell mux_top_track_12.mux_l2_in_0_.TGATE_0_.sky130_fd_sc_hd__ebufn_1 (sky130_fd_sc_hd__ebufn_1)
    port Z[0] of cell mux_top_track_12.mux_l2_in_0_.TGATE_1_.sky130_fd_sc_hd__ebufn_1 (sky130_fd_sc_hd__ebufn_1)
Warning: multiple conflicting drivers for sb_0__0_.\mux_top_track_12.mux_2level_tapbuf_size2_basis_size2_0_out:
    port Z[0] of cell mux_top_track_12.mux_l1_in_0_.TGATE_0_.sky130_fd_sc_hd__ebufn_1 (sky130_fd_sc_hd__ebufn_1)
    port Z[0] of cell mux_top_track_12.mux_l1_in_0_.TGATE_1_.sky130_fd_sc_hd__ebufn_1 (sky130_fd_sc_hd__ebufn_1)
Warning: multiple conflicting drivers for sb_0__0_.\mux_top_track_10.mux_2level_tapbuf_size2_basis_size2_1_out:
    port Z[0] of cell mux_top_track_10.mux_l2_in_0_.TGATE_0_.sky130_fd_sc_hd__ebufn_1 (sky130_fd_sc_hd__ebufn_1)
    port Z[0] of cell mux_top_track_10.mux_l2_in_0_.TGATE_1_.sky130_fd_sc_hd__ebufn_1 (sky130_fd_sc_hd__ebufn_1)
Warning: multiple conflicting drivers for sb_0__0_.\mux_top_track_10.mux_2level_tapbuf_size2_basis_size2_0_out:
    port Z[0] of cell mux_top_track_10.mux_l1_in_0_.TGATE_0_.sky130_fd_sc_hd__ebufn_1 (sky130_fd_sc_hd__ebufn_1)
    port Z[0] of cell mux_top_track_10.mux_l1_in_0_.TGATE_1_.sky130_fd_sc_hd__ebufn_1 (sky130_fd_sc_hd__ebufn_1)
Warning: multiple conflicting drivers for sb_0__0_.\mux_top_track_0.mux_2level_tapbuf_size2_basis_size2_1_out:
    port Z[0] of cell mux_top_track_0.mux_l2_in_0_.TGATE_0_.sky130_fd_sc_hd__ebufn_1 (sky130_fd_sc_hd__ebufn_1)
    port Z[0] of cell mux_top_track_0.mux_l2_in_0_.TGATE_1_.sky130_fd_sc_hd__ebufn_1 (sky130_fd_sc_hd__ebufn_1)
Warning: multiple conflicting drivers for sb_0__0_.\mux_top_track_0.mux_2level_tapbuf_size2_basis_size2_0_out:
    port Z[0] of cell mux_top_track_0.mux_l1_in_0_.TGATE_0_.sky130_fd_sc_hd__ebufn_1 (sky130_fd_sc_hd__ebufn_1)
    port Z[0] of cell mux_top_track_0.mux_l1_in_0_.TGATE_1_.sky130_fd_sc_hd__ebufn_1 (sky130_fd_sc_hd__ebufn_1)
Warning: multiple conflicting drivers for sb_0__0_.\mux_right_track_8.mux_2level_tapbuf_size2_basis_size2_1_out:
    port Z[0] of cell mux_right_track_8.mux_l2_in_0_.TGATE_0_.sky130_fd_sc_hd__ebufn_1 (sky130_fd_sc_hd__ebufn_1)
    port Z[0] of cell mux_right_track_8.mux_l2_in_0_.TGATE_1_.sky130_fd_sc_hd__ebufn_1 (sky130_fd_sc_hd__ebufn_1)
Warning: multiple conflicting drivers for sb_0__0_.\mux_right_track_8.mux_2level_tapbuf_size2_basis_size2_0_out:
    port Z[0] of cell mux_right_track_8.mux_l1_in_0_.TGATE_0_.sky130_fd_sc_hd__ebufn_1 (sky130_fd_sc_hd__ebufn_1)
    port Z[0] of cell mux_right_track_8.mux_l1_in_0_.TGATE_1_.sky130_fd_sc_hd__ebufn_1 (sky130_fd_sc_hd__ebufn_1)
Warning: multiple conflicting drivers for sb_0__0_.\mux_right_track_6.mux_2level_tapbuf_size2_basis_size2_1_out:
    port Z[0] of cell mux_right_track_6.mux_l2_in_0_.TGATE_0_.sky130_fd_sc_hd__ebufn_1 (sky130_fd_sc_hd__ebufn_1)
    port Z[0] of cell mux_right_track_6.mux_l2_in_0_.TGATE_1_.sky130_fd_sc_hd__ebufn_1 (sky130_fd_sc_hd__ebufn_1)
Warning: multiple conflicting drivers for sb_0__0_.\mux_right_track_6.mux_2level_tapbuf_size2_basis_size2_0_out:
    port Z[0] of cell mux_right_track_6.mux_l1_in_0_.TGATE_0_.sky130_fd_sc_hd__ebufn_1 (sky130_fd_sc_hd__ebufn_1)
    port Z[0] of cell mux_right_track_6.mux_l1_in_0_.TGATE_1_.sky130_fd_sc_hd__ebufn_1 (sky130_fd_sc_hd__ebufn_1)
Warning: multiple conflicting drivers for sb_0__0_.\mux_right_track_4.mux_2level_tapbuf_size2_basis_size2_1_out:
    port Z[0] of cell mux_right_track_4.mux_l2_in_0_.TGATE_0_.sky130_fd_sc_hd__ebufn_1 (sky130_fd_sc_hd__ebufn_1)
    port Z[0] of cell mux_right_track_4.mux_l2_in_0_.TGATE_1_.sky130_fd_sc_hd__ebufn_1 (sky130_fd_sc_hd__ebufn_1)
Warning: multiple conflicting drivers for sb_0__0_.\mux_right_track_4.mux_2level_tapbuf_size2_basis_size2_0_out:
    port Z[0] of cell mux_right_track_4.mux_l1_in_0_.TGATE_0_.sky130_fd_sc_hd__ebufn_1 (sky130_fd_sc_hd__ebufn_1)
    port Z[0] of cell mux_right_track_4.mux_l1_in_0_.TGATE_1_.sky130_fd_sc_hd__ebufn_1 (sky130_fd_sc_hd__ebufn_1)
Warning: multiple conflicting drivers for sb_0__0_.\mux_right_track_2.mux_2level_tapbuf_size2_basis_size2_1_out:
    port Z[0] of cell mux_right_track_2.mux_l2_in_0_.TGATE_0_.sky130_fd_sc_hd__ebufn_1 (sky130_fd_sc_hd__ebufn_1)
    port Z[0] of cell mux_right_track_2.mux_l2_in_0_.TGATE_1_.sky130_fd_sc_hd__ebufn_1 (sky130_fd_sc_hd__ebufn_1)
Warning: multiple conflicting drivers for sb_0__0_.\mux_right_track_2.mux_2level_tapbuf_size2_basis_size2_0_out:
    port Z[0] of cell mux_right_track_2.mux_l1_in_0_.TGATE_0_.sky130_fd_sc_hd__ebufn_1 (sky130_fd_sc_hd__ebufn_1)
    port Z[0] of cell mux_right_track_2.mux_l1_in_0_.TGATE_1_.sky130_fd_sc_hd__ebufn_1 (sky130_fd_sc_hd__ebufn_1)
Warning: multiple conflicting drivers for sb_0__0_.\mux_right_track_16.mux_2level_tapbuf_size2_basis_size2_1_out:
    port Z[0] of cell mux_right_track_16.mux_l2_in_0_.TGATE_0_.sky130_fd_sc_hd__ebufn_1 (sky130_fd_sc_hd__ebufn_1)
    port Z[0] of cell mux_right_track_16.mux_l2_in_0_.TGATE_1_.sky130_fd_sc_hd__ebufn_1 (sky130_fd_sc_hd__ebufn_1)
Warning: multiple conflicting drivers for sb_0__0_.\mux_right_track_16.mux_2level_tapbuf_size2_basis_size2_0_out:
    port Z[0] of cell mux_right_track_16.mux_l1_in_0_.TGATE_0_.sky130_fd_sc_hd__ebufn_1 (sky130_fd_sc_hd__ebufn_1)
    port Z[0] of cell mux_right_track_16.mux_l1_in_0_.TGATE_1_.sky130_fd_sc_hd__ebufn_1 (sky130_fd_sc_hd__ebufn_1)
Warning: multiple conflicting drivers for sb_0__0_.\mux_right_track_14.mux_2level_tapbuf_size2_basis_size2_1_out:
    port Z[0] of cell mux_right_track_14.mux_l2_in_0_.TGATE_0_.sky130_fd_sc_hd__ebufn_1 (sky130_fd_sc_hd__ebufn_1)
    port Z[0] of cell mux_right_track_14.mux_l2_in_0_.TGATE_1_.sky130_fd_sc_hd__ebufn_1 (sky130_fd_sc_hd__ebufn_1)
Warning: multiple conflicting drivers for sb_0__0_.\mux_right_track_14.mux_2level_tapbuf_size2_basis_size2_0_out:
    port Z[0] of cell mux_right_track_14.mux_l1_in_0_.TGATE_0_.sky130_fd_sc_hd__ebufn_1 (sky130_fd_sc_hd__ebufn_1)
    port Z[0] of cell mux_right_track_14.mux_l1_in_0_.TGATE_1_.sky130_fd_sc_hd__ebufn_1 (sky130_fd_sc_hd__ebufn_1)
Warning: multiple conflicting drivers for sb_0__0_.\mux_right_track_12.mux_2level_tapbuf_size2_basis_size2_1_out:
    port Z[0] of cell mux_right_track_12.mux_l2_in_0_.TGATE_0_.sky130_fd_sc_hd__ebufn_1 (sky130_fd_sc_hd__ebufn_1)
    port Z[0] of cell mux_right_track_12.mux_l2_in_0_.TGATE_1_.sky130_fd_sc_hd__ebufn_1 (sky130_fd_sc_hd__ebufn_1)
Warning: multiple conflicting drivers for sb_0__0_.\mux_right_track_12.mux_2level_tapbuf_size2_basis_size2_0_out:
    port Z[0] of cell mux_right_track_12.mux_l1_in_0_.TGATE_0_.sky130_fd_sc_hd__ebufn_1 (sky130_fd_sc_hd__ebufn_1)
    port Z[0] of cell mux_right_track_12.mux_l1_in_0_.TGATE_1_.sky130_fd_sc_hd__ebufn_1 (sky130_fd_sc_hd__ebufn_1)
Warning: multiple conflicting drivers for sb_0__0_.\mux_right_track_10.mux_2level_tapbuf_size2_basis_size2_1_out:
    port Z[0] of cell mux_right_track_10.mux_l2_in_0_.TGATE_0_.sky130_fd_sc_hd__ebufn_1 (sky130_fd_sc_hd__ebufn_1)
    port Z[0] of cell mux_right_track_10.mux_l2_in_0_.TGATE_1_.sky130_fd_sc_hd__ebufn_1 (sky130_fd_sc_hd__ebufn_1)
Warning: multiple conflicting drivers for sb_0__0_.\mux_right_track_10.mux_2level_tapbuf_size2_basis_size2_0_out:
    port Z[0] of cell mux_right_track_10.mux_l1_in_0_.TGATE_0_.sky130_fd_sc_hd__ebufn_1 (sky130_fd_sc_hd__ebufn_1)
    port Z[0] of cell mux_right_track_10.mux_l1_in_0_.TGATE_1_.sky130_fd_sc_hd__ebufn_1 (sky130_fd_sc_hd__ebufn_1)
Warning: multiple conflicting drivers for sb_0__0_.\mux_right_track_0.mux_2level_tapbuf_size2_basis_size2_1_out:
    port Z[0] of cell mux_right_track_0.mux_l2_in_0_.TGATE_0_.sky130_fd_sc_hd__ebufn_1 (sky130_fd_sc_hd__ebufn_1)
    port Z[0] of cell mux_right_track_0.mux_l2_in_0_.TGATE_1_.sky130_fd_sc_hd__ebufn_1 (sky130_fd_sc_hd__ebufn_1)
Warning: multiple conflicting drivers for sb_0__0_.\mux_right_track_0.mux_2level_tapbuf_size2_basis_size2_0_out:
    port Z[0] of cell mux_right_track_0.mux_l1_in_0_.TGATE_0_.sky130_fd_sc_hd__ebufn_1 (sky130_fd_sc_hd__ebufn_1)
    port Z[0] of cell mux_right_track_0.mux_l1_in_0_.TGATE_1_.sky130_fd_sc_hd__ebufn_1 (sky130_fd_sc_hd__ebufn_1)
Warning: Wire sb_0__0_.$abc$148$flatten\mux_top_track_8.\mux_l2_in_0_.\TGATE_1_.$not$/openLANE_flow/designs/sb_0__0_/src/inv_buf_passgate.v:187$1_Y is used but has no driver.
Warning: Wire sb_0__0_.$auto$hilomap.cc:39:hilomap_worker$330 is used but has no driver.
Warning: Wire sb_0__0_.$abc$148$flatten\mux_top_track_8.\mux_l2_in_0_.\TGATE_0_.$not$/openLANE_flow/designs/sb_0__0_/src/inv_buf_passgate.v:187$1_Y is used but has no driver.
Warning: Wire sb_0__0_.$abc$148$flatten\mux_top_track_8.\mux_l1_in_0_.\TGATE_1_.$not$/openLANE_flow/designs/sb_0__0_/src/inv_buf_passgate.v:187$1_Y is used but has no driver.
Warning: Wire sb_0__0_.$abc$148$flatten\mux_top_track_8.\mux_l1_in_0_.\TGATE_0_.$not$/openLANE_flow/designs/sb_0__0_/src/inv_buf_passgate.v:187$1_Y is used but has no driver.
Warning: Wire sb_0__0_.$abc$148$flatten\mux_top_track_6.\mux_l2_in_0_.\TGATE_1_.$not$/openLANE_flow/designs/sb_0__0_/src/inv_buf_passgate.v:187$1_Y is used but has no driver.
Warning: Wire sb_0__0_.$auto$hilomap.cc:39:hilomap_worker$328 is used but has no driver.
Warning: Wire sb_0__0_.$abc$148$flatten\mux_top_track_6.\mux_l2_in_0_.\TGATE_0_.$not$/openLANE_flow/designs/sb_0__0_/src/inv_buf_passgate.v:187$1_Y is used but has no driver.
Warning: Wire sb_0__0_.$abc$148$flatten\mux_top_track_6.\mux_l1_in_0_.\TGATE_1_.$not$/openLANE_flow/designs/sb_0__0_/src/inv_buf_passgate.v:187$1_Y is used but has no driver.
Warning: Wire sb_0__0_.$abc$148$flatten\mux_top_track_6.\mux_l1_in_0_.\TGATE_0_.$not$/openLANE_flow/designs/sb_0__0_/src/inv_buf_passgate.v:187$1_Y is used but has no driver.
Warning: Wire sb_0__0_.$abc$148$flatten\mux_top_track_4.\mux_l2_in_0_.\TGATE_1_.$not$/openLANE_flow/designs/sb_0__0_/src/inv_buf_passgate.v:187$1_Y is used but has no driver.
Warning: Wire sb_0__0_.$auto$hilomap.cc:39:hilomap_worker$326 is used but has no driver.
Warning: Wire sb_0__0_.$abc$148$flatten\mux_top_track_4.\mux_l2_in_0_.\TGATE_0_.$not$/openLANE_flow/designs/sb_0__0_/src/inv_buf_passgate.v:187$1_Y is used but has no driver.
Warning: Wire sb_0__0_.$abc$148$flatten\mux_top_track_4.\mux_l1_in_0_.\TGATE_1_.$not$/openLANE_flow/designs/sb_0__0_/src/inv_buf_passgate.v:187$1_Y is used but has no driver.
Warning: Wire sb_0__0_.$abc$148$flatten\mux_top_track_4.\mux_l1_in_0_.\TGATE_0_.$not$/openLANE_flow/designs/sb_0__0_/src/inv_buf_passgate.v:187$1_Y is used but has no driver.
Warning: Wire sb_0__0_.$abc$148$flatten\mux_top_track_2.\mux_l2_in_0_.\TGATE_1_.$not$/openLANE_flow/designs/sb_0__0_/src/inv_buf_passgate.v:187$1_Y is used but has no driver.
Warning: Wire sb_0__0_.$auto$hilomap.cc:39:hilomap_worker$324 is used but has no driver.
Warning: Wire sb_0__0_.$abc$148$flatten\mux_top_track_2.\mux_l2_in_0_.\TGATE_0_.$not$/openLANE_flow/designs/sb_0__0_/src/inv_buf_passgate.v:187$1_Y is used but has no driver.
Warning: Wire sb_0__0_.$abc$148$flatten\mux_top_track_2.\mux_l1_in_0_.\TGATE_1_.$not$/openLANE_flow/designs/sb_0__0_/src/inv_buf_passgate.v:187$1_Y is used but has no driver.
Warning: Wire sb_0__0_.$abc$148$flatten\mux_top_track_2.\mux_l1_in_0_.\TGATE_0_.$not$/openLANE_flow/designs/sb_0__0_/src/inv_buf_passgate.v:187$1_Y is used but has no driver.
Warning: Wire sb_0__0_.$abc$148$flatten\mux_top_track_16.\mux_l2_in_0_.\TGATE_1_.$not$/openLANE_flow/designs/sb_0__0_/src/inv_buf_passgate.v:187$1_Y is used but has no driver.
Warning: Wire sb_0__0_.$auto$hilomap.cc:39:hilomap_worker$322 is used but has no driver.
Warning: Wire sb_0__0_.$abc$148$flatten\mux_top_track_16.\mux_l2_in_0_.\TGATE_0_.$not$/openLANE_flow/designs/sb_0__0_/src/inv_buf_passgate.v:187$1_Y is used but has no driver.
Warning: Wire sb_0__0_.$abc$148$flatten\mux_top_track_16.\mux_l1_in_0_.\TGATE_1_.$not$/openLANE_flow/designs/sb_0__0_/src/inv_buf_passgate.v:187$1_Y is used but has no driver.
Warning: Wire sb_0__0_.$abc$148$flatten\mux_top_track_16.\mux_l1_in_0_.\TGATE_0_.$not$/openLANE_flow/designs/sb_0__0_/src/inv_buf_passgate.v:187$1_Y is used but has no driver.
Warning: Wire sb_0__0_.$abc$148$flatten\mux_top_track_14.\mux_l2_in_0_.\TGATE_1_.$not$/openLANE_flow/designs/sb_0__0_/src/inv_buf_passgate.v:187$1_Y is used but has no driver.
Warning: Wire sb_0__0_.$auto$hilomap.cc:39:hilomap_worker$320 is used but has no driver.
Warning: Wire sb_0__0_.$abc$148$flatten\mux_top_track_14.\mux_l2_in_0_.\TGATE_0_.$not$/openLANE_flow/designs/sb_0__0_/src/inv_buf_passgate.v:187$1_Y is used but has no driver.
Warning: Wire sb_0__0_.$abc$148$flatten\mux_top_track_14.\mux_l1_in_0_.\TGATE_1_.$not$/openLANE_flow/designs/sb_0__0_/src/inv_buf_passgate.v:187$1_Y is used but has no driver.
Warning: Wire sb_0__0_.$abc$148$flatten\mux_top_track_14.\mux_l1_in_0_.\TGATE_0_.$not$/openLANE_flow/designs/sb_0__0_/src/inv_buf_passgate.v:187$1_Y is used but has no driver.
Warning: Wire sb_0__0_.$abc$148$flatten\mux_top_track_12.\mux_l2_in_0_.\TGATE_1_.$not$/openLANE_flow/designs/sb_0__0_/src/inv_buf_passgate.v:187$1_Y is used but has no driver.
Warning: Wire sb_0__0_.$auto$hilomap.cc:39:hilomap_worker$318 is used but has no driver.
Warning: Wire sb_0__0_.$abc$148$flatten\mux_top_track_12.\mux_l2_in_0_.\TGATE_0_.$not$/openLANE_flow/designs/sb_0__0_/src/inv_buf_passgate.v:187$1_Y is used but has no driver.
Warning: Wire sb_0__0_.$abc$148$flatten\mux_top_track_12.\mux_l1_in_0_.\TGATE_1_.$not$/openLANE_flow/designs/sb_0__0_/src/inv_buf_passgate.v:187$1_Y is used but has no driver.
Warning: Wire sb_0__0_.$abc$148$flatten\mux_top_track_12.\mux_l1_in_0_.\TGATE_0_.$not$/openLANE_flow/designs/sb_0__0_/src/inv_buf_passgate.v:187$1_Y is used but has no driver.
Warning: Wire sb_0__0_.$abc$148$flatten\mux_top_track_10.\mux_l2_in_0_.\TGATE_1_.$not$/openLANE_flow/designs/sb_0__0_/src/inv_buf_passgate.v:187$1_Y is used but has no driver.
Warning: Wire sb_0__0_.$auto$hilomap.cc:39:hilomap_worker$316 is used but has no driver.
Warning: Wire sb_0__0_.$abc$148$flatten\mux_top_track_10.\mux_l2_in_0_.\TGATE_0_.$not$/openLANE_flow/designs/sb_0__0_/src/inv_buf_passgate.v:187$1_Y is used but has no driver.
Warning: Wire sb_0__0_.$abc$148$flatten\mux_top_track_10.\mux_l1_in_0_.\TGATE_1_.$not$/openLANE_flow/designs/sb_0__0_/src/inv_buf_passgate.v:187$1_Y is used but has no driver.
Warning: Wire sb_0__0_.$abc$148$flatten\mux_top_track_10.\mux_l1_in_0_.\TGATE_0_.$not$/openLANE_flow/designs/sb_0__0_/src/inv_buf_passgate.v:187$1_Y is used but has no driver.
Warning: Wire sb_0__0_.$abc$148$flatten\mux_top_track_0.\mux_l2_in_0_.\TGATE_1_.$not$/openLANE_flow/designs/sb_0__0_/src/inv_buf_passgate.v:187$1_Y is used but has no driver.
Warning: Wire sb_0__0_.$auto$hilomap.cc:39:hilomap_worker$314 is used but has no driver.
Warning: Wire sb_0__0_.$abc$148$flatten\mux_top_track_0.\mux_l2_in_0_.\TGATE_0_.$not$/openLANE_flow/designs/sb_0__0_/src/inv_buf_passgate.v:187$1_Y is used but has no driver.
Warning: Wire sb_0__0_.$abc$148$flatten\mux_top_track_0.\mux_l1_in_0_.\TGATE_1_.$not$/openLANE_flow/designs/sb_0__0_/src/inv_buf_passgate.v:187$1_Y is used but has no driver.
Warning: Wire sb_0__0_.$abc$148$flatten\mux_top_track_0.\mux_l1_in_0_.\TGATE_0_.$not$/openLANE_flow/designs/sb_0__0_/src/inv_buf_passgate.v:187$1_Y is used but has no driver.
Warning: Wire sb_0__0_.$abc$148$flatten\mux_right_track_8.\mux_l2_in_0_.\TGATE_1_.$not$/openLANE_flow/designs/sb_0__0_/src/inv_buf_passgate.v:187$1_Y is used but has no driver.
Warning: Wire sb_0__0_.$auto$hilomap.cc:39:hilomap_worker$312 is used but has no driver.
Warning: Wire sb_0__0_.$abc$148$flatten\mux_right_track_8.\mux_l2_in_0_.\TGATE_0_.$not$/openLANE_flow/designs/sb_0__0_/src/inv_buf_passgate.v:187$1_Y is used but has no driver.
Warning: Wire sb_0__0_.$abc$148$flatten\mux_right_track_8.\mux_l1_in_0_.\TGATE_1_.$not$/openLANE_flow/designs/sb_0__0_/src/inv_buf_passgate.v:187$1_Y is used but has no driver.
Warning: Wire sb_0__0_.$abc$148$flatten\mux_right_track_8.\mux_l1_in_0_.\TGATE_0_.$not$/openLANE_flow/designs/sb_0__0_/src/inv_buf_passgate.v:187$1_Y is used but has no driver.
Warning: Wire sb_0__0_.$abc$148$flatten\mux_right_track_6.\mux_l2_in_0_.\TGATE_1_.$not$/openLANE_flow/designs/sb_0__0_/src/inv_buf_passgate.v:187$1_Y is used but has no driver.
Warning: Wire sb_0__0_.$auto$hilomap.cc:39:hilomap_worker$310 is used but has no driver.
Warning: Wire sb_0__0_.$abc$148$flatten\mux_right_track_6.\mux_l2_in_0_.\TGATE_0_.$not$/openLANE_flow/designs/sb_0__0_/src/inv_buf_passgate.v:187$1_Y is used but has no driver.
Warning: Wire sb_0__0_.$abc$148$flatten\mux_right_track_6.\mux_l1_in_0_.\TGATE_1_.$not$/openLANE_flow/designs/sb_0__0_/src/inv_buf_passgate.v:187$1_Y is used but has no driver.
Warning: Wire sb_0__0_.$abc$148$flatten\mux_right_track_6.\mux_l1_in_0_.\TGATE_0_.$not$/openLANE_flow/designs/sb_0__0_/src/inv_buf_passgate.v:187$1_Y is used but has no driver.
Warning: Wire sb_0__0_.$abc$148$flatten\mux_right_track_4.\mux_l2_in_0_.\TGATE_1_.$not$/openLANE_flow/designs/sb_0__0_/src/inv_buf_passgate.v:187$1_Y is used but has no driver.
Warning: Wire sb_0__0_.$auto$hilomap.cc:39:hilomap_worker$308 is used but has no driver.
Warning: Wire sb_0__0_.$abc$148$flatten\mux_right_track_4.\mux_l2_in_0_.\TGATE_0_.$not$/openLANE_flow/designs/sb_0__0_/src/inv_buf_passgate.v:187$1_Y is used but has no driver.
Warning: Wire sb_0__0_.$abc$148$flatten\mux_right_track_4.\mux_l1_in_0_.\TGATE_1_.$not$/openLANE_flow/designs/sb_0__0_/src/inv_buf_passgate.v:187$1_Y is used but has no driver.
Warning: Wire sb_0__0_.$abc$148$flatten\mux_right_track_4.\mux_l1_in_0_.\TGATE_0_.$not$/openLANE_flow/designs/sb_0__0_/src/inv_buf_passgate.v:187$1_Y is used but has no driver.
Warning: Wire sb_0__0_.$abc$148$flatten\mux_right_track_2.\mux_l2_in_0_.\TGATE_1_.$not$/openLANE_flow/designs/sb_0__0_/src/inv_buf_passgate.v:187$1_Y is used but has no driver.
Warning: Wire sb_0__0_.$auto$hilomap.cc:39:hilomap_worker$306 is used but has no driver.
Warning: Wire sb_0__0_.$abc$148$flatten\mux_right_track_2.\mux_l2_in_0_.\TGATE_0_.$not$/openLANE_flow/designs/sb_0__0_/src/inv_buf_passgate.v:187$1_Y is used but has no driver.
Warning: Wire sb_0__0_.$abc$148$flatten\mux_right_track_2.\mux_l1_in_0_.\TGATE_1_.$not$/openLANE_flow/designs/sb_0__0_/src/inv_buf_passgate.v:187$1_Y is used but has no driver.
Warning: Wire sb_0__0_.$abc$148$flatten\mux_right_track_2.\mux_l1_in_0_.\TGATE_0_.$not$/openLANE_flow/designs/sb_0__0_/src/inv_buf_passgate.v:187$1_Y is used but has no driver.
Warning: Wire sb_0__0_.$abc$148$flatten\mux_right_track_16.\mux_l2_in_0_.\TGATE_1_.$not$/openLANE_flow/designs/sb_0__0_/src/inv_buf_passgate.v:187$1_Y is used but has no driver.
Warning: Wire sb_0__0_.$auto$hilomap.cc:39:hilomap_worker$304 is used but has no driver.
Warning: Wire sb_0__0_.$abc$148$flatten\mux_right_track_16.\mux_l2_in_0_.\TGATE_0_.$not$/openLANE_flow/designs/sb_0__0_/src/inv_buf_passgate.v:187$1_Y is used but has no driver.
Warning: Wire sb_0__0_.$abc$148$flatten\mux_right_track_16.\mux_l1_in_0_.\TGATE_1_.$not$/openLANE_flow/designs/sb_0__0_/src/inv_buf_passgate.v:187$1_Y is used but has no driver.
Warning: Wire sb_0__0_.$abc$148$flatten\mux_right_track_16.\mux_l1_in_0_.\TGATE_0_.$not$/openLANE_flow/designs/sb_0__0_/src/inv_buf_passgate.v:187$1_Y is used but has no driver.
Warning: Wire sb_0__0_.$abc$148$flatten\mux_right_track_14.\mux_l2_in_0_.\TGATE_1_.$not$/openLANE_flow/designs/sb_0__0_/src/inv_buf_passgate.v:187$1_Y is used but has no driver.
Warning: Wire sb_0__0_.$auto$hilomap.cc:39:hilomap_worker$302 is used but has no driver.
Warning: Wire sb_0__0_.$abc$148$flatten\mux_right_track_14.\mux_l2_in_0_.\TGATE_0_.$not$/openLANE_flow/designs/sb_0__0_/src/inv_buf_passgate.v:187$1_Y is used but has no driver.
Warning: Wire sb_0__0_.$abc$148$flatten\mux_right_track_14.\mux_l1_in_0_.\TGATE_1_.$not$/openLANE_flow/designs/sb_0__0_/src/inv_buf_passgate.v:187$1_Y is used but has no driver.
Warning: Wire sb_0__0_.$abc$148$flatten\mux_right_track_14.\mux_l1_in_0_.\TGATE_0_.$not$/openLANE_flow/designs/sb_0__0_/src/inv_buf_passgate.v:187$1_Y is used but has no driver.
Warning: Wire sb_0__0_.$abc$148$flatten\mux_right_track_12.\mux_l2_in_0_.\TGATE_1_.$not$/openLANE_flow/designs/sb_0__0_/src/inv_buf_passgate.v:187$1_Y is used but has no driver.
Warning: Wire sb_0__0_.$auto$hilomap.cc:39:hilomap_worker$300 is used but has no driver.
Warning: Wire sb_0__0_.$abc$148$flatten\mux_right_track_12.\mux_l2_in_0_.\TGATE_0_.$not$/openLANE_flow/designs/sb_0__0_/src/inv_buf_passgate.v:187$1_Y is used but has no driver.
Warning: Wire sb_0__0_.$abc$148$flatten\mux_right_track_12.\mux_l1_in_0_.\TGATE_1_.$not$/openLANE_flow/designs/sb_0__0_/src/inv_buf_passgate.v:187$1_Y is used but has no driver.
Warning: Wire sb_0__0_.$abc$148$flatten\mux_right_track_12.\mux_l1_in_0_.\TGATE_0_.$not$/openLANE_flow/designs/sb_0__0_/src/inv_buf_passgate.v:187$1_Y is used but has no driver.
Warning: Wire sb_0__0_.$abc$148$flatten\mux_right_track_10.\mux_l2_in_0_.\TGATE_1_.$not$/openLANE_flow/designs/sb_0__0_/src/inv_buf_passgate.v:187$1_Y is used but has no driver.
Warning: Wire sb_0__0_.$auto$hilomap.cc:39:hilomap_worker$298 is used but has no driver.
Warning: Wire sb_0__0_.$abc$148$flatten\mux_right_track_10.\mux_l2_in_0_.\TGATE_0_.$not$/openLANE_flow/designs/sb_0__0_/src/inv_buf_passgate.v:187$1_Y is used but has no driver.
Warning: Wire sb_0__0_.$abc$148$flatten\mux_right_track_10.\mux_l1_in_0_.\TGATE_1_.$not$/openLANE_flow/designs/sb_0__0_/src/inv_buf_passgate.v:187$1_Y is used but has no driver.
Warning: Wire sb_0__0_.$abc$148$flatten\mux_right_track_10.\mux_l1_in_0_.\TGATE_0_.$not$/openLANE_flow/designs/sb_0__0_/src/inv_buf_passgate.v:187$1_Y is used but has no driver.
Warning: Wire sb_0__0_.$abc$148$flatten\mux_right_track_0.\mux_l2_in_0_.\TGATE_1_.$not$/openLANE_flow/designs/sb_0__0_/src/inv_buf_passgate.v:187$1_Y is used but has no driver.
Warning: Wire sb_0__0_.$auto$hilomap.cc:39:hilomap_worker$296 is used but has no driver.
Warning: Wire sb_0__0_.$abc$148$flatten\mux_right_track_0.\mux_l2_in_0_.\TGATE_0_.$not$/openLANE_flow/designs/sb_0__0_/src/inv_buf_passgate.v:187$1_Y is used but has no driver.
Warning: Wire sb_0__0_.$abc$148$flatten\mux_right_track_0.\mux_l1_in_0_.\TGATE_1_.$not$/openLANE_flow/designs/sb_0__0_/src/inv_buf_passgate.v:187$1_Y is used but has no driver.
Warning: Wire sb_0__0_.$abc$148$flatten\mux_right_track_0.\mux_l1_in_0_.\TGATE_0_.$not$/openLANE_flow/designs/sb_0__0_/src/inv_buf_passgate.v:187$1_Y is used but has no driver.
Warning: Wire sb_0__0_.$abc$148$flatten\mem_right_track_0.\sc_dff_compact_0_.$not$/openLANE_flow/designs/sb_0__0_/src/user_defined_templates.v:61$4_Y is used but has no driver.
found and reported 127 problems.
