
24. Executing CHECK pass (checking for obvious problems).
checking module sb_0__0_..
Warning: Wire sb_0__0_.$auto$hilomap.cc:39:hilomap_worker$114 is used but has no driver.
Warning: Wire sb_0__0_.$auto$hilomap.cc:39:hilomap_worker$112 is used but has no driver.
Warning: Wire sb_0__0_.$auto$hilomap.cc:39:hilomap_worker$110 is used but has no driver.
Warning: Wire sb_0__0_.$auto$hilomap.cc:39:hilomap_worker$108 is used but has no driver.
Warning: Wire sb_0__0_.$auto$hilomap.cc:39:hilomap_worker$106 is used but has no driver.
Warning: Wire sb_0__0_.$auto$hilomap.cc:39:hilomap_worker$104 is used but has no driver.
Warning: Wire sb_0__0_.$auto$hilomap.cc:39:hilomap_worker$102 is used but has no driver.
Warning: Wire sb_0__0_.$auto$hilomap.cc:39:hilomap_worker$100 is used but has no driver.
Warning: Wire sb_0__0_.$auto$hilomap.cc:39:hilomap_worker$98 is used but has no driver.
Warning: Wire sb_0__0_.$auto$hilomap.cc:39:hilomap_worker$96 is used but has no driver.
Warning: Wire sb_0__0_.$auto$hilomap.cc:39:hilomap_worker$94 is used but has no driver.
Warning: Wire sb_0__0_.$auto$hilomap.cc:39:hilomap_worker$92 is used but has no driver.
Warning: Wire sb_0__0_.$auto$hilomap.cc:39:hilomap_worker$90 is used but has no driver.
Warning: Wire sb_0__0_.$auto$hilomap.cc:39:hilomap_worker$88 is used but has no driver.
Warning: Wire sb_0__0_.$auto$hilomap.cc:39:hilomap_worker$86 is used but has no driver.
Warning: Wire sb_0__0_.$auto$hilomap.cc:39:hilomap_worker$84 is used but has no driver.
Warning: Wire sb_0__0_.$auto$hilomap.cc:39:hilomap_worker$82 is used but has no driver.
Warning: Wire sb_0__0_.$auto$hilomap.cc:39:hilomap_worker$80 is used but has no driver.
Warning: Wire sb_0__0_.$abc$76$flatten\mem_right_track_0.\sc_dff_compact_0_.$not$/openLANE_flow/designs/sb_0__0_/src/user_defined_templates.v:61$4_Y is used but has no driver.
found and reported 19 problems.
