Startpoint: rst (input port clocked by vclk)
Endpoint: _703_ (removal check against rising-edge clock vclk)
Path Group: **async_default**
Path Type: min

  Delay    Time   Description
---------------------------------------------------------
   0.00    0.00   clock vclk (rise edge)
   0.00    0.00   clock network delay (ideal)
   2.00    2.00 v input external delay
   0.01    2.01 v rst (in)
   0.05    2.07 ^ _359_/Y (sky130_fd_sc_hd__inv_8)
   0.25    2.32 ^ _360_/X (sky130_fd_sc_hd__buf_1)
   0.00    2.32 ^ _703_/RESET_B (sky130_fd_sc_hd__dfrtp_4)
           2.32   data arrival time

   0.00    0.00   clock vclk (rise edge)
   0.00    0.00   clock network delay (ideal)
   0.00    0.00   clock reconvergence pessimism
           0.00 ^ _703_/CLK (sky130_fd_sc_hd__dfrtp_4)
   0.69    0.69   library removal time
           0.69   data required time
---------------------------------------------------------
           0.69   data required time
          -2.32   data arrival time
---------------------------------------------------------
           1.63   slack (MET)


Startpoint: _643_ (rising edge-triggered flip-flop clocked by vclk)
Endpoint: _644_ (rising edge-triggered flip-flop clocked by vclk)
Path Group: vclk
Path Type: min

  Delay    Time   Description
---------------------------------------------------------
   0.00    0.00   clock vclk (rise edge)
   0.00    0.00   clock network delay (ideal)
   0.00    0.00 ^ _643_/CLK (sky130_fd_sc_hd__dfrtp_4)
   0.80    0.80 ^ _643_/Q (sky130_fd_sc_hd__dfrtp_4)
   0.10    0.90 v _448_/Y (sky130_fd_sc_hd__a21boi_4)
   0.00    0.90 v _644_/D (sky130_fd_sc_hd__dfrtp_4)
           0.90   data arrival time

   0.00    0.00   clock vclk (rise edge)
   0.00    0.00   clock network delay (ideal)
   0.00    0.00   clock reconvergence pessimism
           0.00 ^ _644_/CLK (sky130_fd_sc_hd__dfrtp_4)
  -0.10   -0.10   library hold time
          -0.10   data required time
---------------------------------------------------------
          -0.10   data required time
          -0.90   data arrival time
---------------------------------------------------------
           1.00   slack (MET)


Startpoint: rst (input port clocked by vclk)
Endpoint: _644_ (recovery check against rising-edge clock vclk)
Path Group: **async_default**
Path Type: max

  Delay    Time   Description
---------------------------------------------------------
   0.00    0.00   clock vclk (rise edge)
   0.00    0.00   clock network delay (ideal)
   2.00    2.00 v input external delay
   0.00    2.00 v rst (in)
   0.02    2.03 ^ _359_/Y (sky130_fd_sc_hd__inv_8)
   0.10    2.13 ^ _403_/X (sky130_fd_sc_hd__buf_1)
   0.11    2.24 ^ _428_/X (sky130_fd_sc_hd__buf_1)
   0.06    2.30 ^ _433_/X (sky130_fd_sc_hd__buf_1)
   0.00    2.30 ^ _644_/RESET_B (sky130_fd_sc_hd__dfrtp_4)
           2.30   data arrival time

  12.00   12.00   clock vclk (rise edge)
   0.00   12.00   clock network delay (ideal)
   0.00   12.00   clock reconvergence pessimism
          12.00 ^ _644_/CLK (sky130_fd_sc_hd__dfrtp_4)
   0.12   12.12   library recovery time
          12.12   data required time
---------------------------------------------------------
          12.12   data required time
          -2.30   data arrival time
---------------------------------------------------------
           9.82   slack (MET)


Startpoint: y (input port clocked by vclk)
Endpoint: _642_ (rising edge-triggered flip-flop clocked by vclk)
Path Group: vclk
Path Type: max

  Delay    Time   Description
---------------------------------------------------------
   0.00    0.00   clock vclk (rise edge)
   0.00    0.00   clock network delay (ideal)
   2.00    2.00 ^ input external delay
   0.01    2.01 ^ y (in)
   0.10    2.11 ^ _439_/X (sky130_fd_sc_hd__buf_1)
   0.12    2.22 ^ _440_/X (sky130_fd_sc_hd__buf_1)
   0.09    2.31 ^ _441_/X (sky130_fd_sc_hd__and2_4)
   0.17    2.48 ^ _442_/X (sky130_fd_sc_hd__buf_1)
   0.04    2.53 v _445_/X (sky130_fd_sc_hd__xor2_4)
   0.00    2.53 v _642_/D (sky130_fd_sc_hd__dfrtp_4)
           2.53   data arrival time

  12.00   12.00   clock vclk (rise edge)
   0.00   12.00   clock network delay (ideal)
   0.00   12.00   clock reconvergence pessimism
          12.00 ^ _642_/CLK (sky130_fd_sc_hd__dfrtp_4)
  -0.08   11.92   library setup time
          11.92   data required time
---------------------------------------------------------
          11.92   data required time
          -2.53   data arrival time
---------------------------------------------------------
           9.39   slack (MET)


