
24. Executing CHECK pass (checking for obvious problems).
checking module sb_3__3_..
Warning: multiple conflicting drivers for sb_3__3_.\mux_left_track_9.mux_2level_tapbuf_size2_basis_size2_1_out:
    port Z[0] of cell mux_left_track_9.mux_l2_in_0_.TGATE_0_.sky130_fd_sc_hd__ebufn_1 (sky130_fd_sc_hd__ebufn_1)
    port Z[0] of cell mux_left_track_9.mux_l2_in_0_.TGATE_1_.sky130_fd_sc_hd__ebufn_1 (sky130_fd_sc_hd__ebufn_1)
Warning: multiple conflicting drivers for sb_3__3_.\mux_left_track_9.mux_2level_tapbuf_size2_basis_size2_0_out:
    port Z[0] of cell mux_left_track_9.mux_l1_in_0_.TGATE_0_.sky130_fd_sc_hd__ebufn_1 (sky130_fd_sc_hd__ebufn_1)
    port Z[0] of cell mux_left_track_9.mux_l1_in_0_.TGATE_1_.sky130_fd_sc_hd__ebufn_1 (sky130_fd_sc_hd__ebufn_1)
Warning: multiple conflicting drivers for sb_3__3_.\mux_left_track_7.mux_2level_tapbuf_size2_basis_size2_1_out:
    port Z[0] of cell mux_left_track_7.mux_l2_in_0_.TGATE_0_.sky130_fd_sc_hd__ebufn_1 (sky130_fd_sc_hd__ebufn_1)
    port Z[0] of cell mux_left_track_7.mux_l2_in_0_.TGATE_1_.sky130_fd_sc_hd__ebufn_1 (sky130_fd_sc_hd__ebufn_1)
Warning: multiple conflicting drivers for sb_3__3_.\mux_left_track_7.mux_2level_tapbuf_size2_basis_size2_0_out:
    port Z[0] of cell mux_left_track_7.mux_l1_in_0_.TGATE_0_.sky130_fd_sc_hd__ebufn_1 (sky130_fd_sc_hd__ebufn_1)
    port Z[0] of cell mux_left_track_7.mux_l1_in_0_.TGATE_1_.sky130_fd_sc_hd__ebufn_1 (sky130_fd_sc_hd__ebufn_1)
Warning: multiple conflicting drivers for sb_3__3_.\mux_left_track_5.mux_2level_tapbuf_size2_basis_size2_1_out:
    port Z[0] of cell mux_left_track_5.mux_l2_in_0_.TGATE_0_.sky130_fd_sc_hd__ebufn_1 (sky130_fd_sc_hd__ebufn_1)
    port Z[0] of cell mux_left_track_5.mux_l2_in_0_.TGATE_1_.sky130_fd_sc_hd__ebufn_1 (sky130_fd_sc_hd__ebufn_1)
Warning: multiple conflicting drivers for sb_3__3_.\mux_left_track_5.mux_2level_tapbuf_size2_basis_size2_0_out:
    port Z[0] of cell mux_left_track_5.mux_l1_in_0_.TGATE_0_.sky130_fd_sc_hd__ebufn_1 (sky130_fd_sc_hd__ebufn_1)
    port Z[0] of cell mux_left_track_5.mux_l1_in_0_.TGATE_1_.sky130_fd_sc_hd__ebufn_1 (sky130_fd_sc_hd__ebufn_1)
Warning: multiple conflicting drivers for sb_3__3_.\mux_left_track_3.mux_2level_tapbuf_size2_basis_size2_1_out:
    port Z[0] of cell mux_left_track_3.mux_l2_in_0_.TGATE_0_.sky130_fd_sc_hd__ebufn_1 (sky130_fd_sc_hd__ebufn_1)
    port Z[0] of cell mux_left_track_3.mux_l2_in_0_.TGATE_1_.sky130_fd_sc_hd__ebufn_1 (sky130_fd_sc_hd__ebufn_1)
Warning: multiple conflicting drivers for sb_3__3_.\mux_left_track_3.mux_2level_tapbuf_size2_basis_size2_0_out:
    port Z[0] of cell mux_left_track_3.mux_l1_in_0_.TGATE_0_.sky130_fd_sc_hd__ebufn_1 (sky130_fd_sc_hd__ebufn_1)
    port Z[0] of cell mux_left_track_3.mux_l1_in_0_.TGATE_1_.sky130_fd_sc_hd__ebufn_1 (sky130_fd_sc_hd__ebufn_1)
Warning: multiple conflicting drivers for sb_3__3_.\mux_left_track_17.mux_2level_tapbuf_size2_basis_size2_1_out:
    port Z[0] of cell mux_left_track_17.mux_l2_in_0_.TGATE_0_.sky130_fd_sc_hd__ebufn_1 (sky130_fd_sc_hd__ebufn_1)
    port Z[0] of cell mux_left_track_17.mux_l2_in_0_.TGATE_1_.sky130_fd_sc_hd__ebufn_1 (sky130_fd_sc_hd__ebufn_1)
Warning: multiple conflicting drivers for sb_3__3_.\mux_left_track_17.mux_2level_tapbuf_size2_basis_size2_0_out:
    port Z[0] of cell mux_left_track_17.mux_l1_in_0_.TGATE_0_.sky130_fd_sc_hd__ebufn_1 (sky130_fd_sc_hd__ebufn_1)
    port Z[0] of cell mux_left_track_17.mux_l1_in_0_.TGATE_1_.sky130_fd_sc_hd__ebufn_1 (sky130_fd_sc_hd__ebufn_1)
Warning: multiple conflicting drivers for sb_3__3_.\mux_left_track_15.mux_2level_tapbuf_size2_basis_size2_1_out:
    port Z[0] of cell mux_left_track_15.mux_l2_in_0_.TGATE_0_.sky130_fd_sc_hd__ebufn_1 (sky130_fd_sc_hd__ebufn_1)
    port Z[0] of cell mux_left_track_15.mux_l2_in_0_.TGATE_1_.sky130_fd_sc_hd__ebufn_1 (sky130_fd_sc_hd__ebufn_1)
Warning: multiple conflicting drivers for sb_3__3_.\mux_left_track_15.mux_2level_tapbuf_size2_basis_size2_0_out:
    port Z[0] of cell mux_left_track_15.mux_l1_in_0_.TGATE_0_.sky130_fd_sc_hd__ebufn_1 (sky130_fd_sc_hd__ebufn_1)
    port Z[0] of cell mux_left_track_15.mux_l1_in_0_.TGATE_1_.sky130_fd_sc_hd__ebufn_1 (sky130_fd_sc_hd__ebufn_1)
Warning: multiple conflicting drivers for sb_3__3_.\mux_left_track_13.mux_2level_tapbuf_size2_basis_size2_1_out:
    port Z[0] of cell mux_left_track_13.mux_l2_in_0_.TGATE_0_.sky130_fd_sc_hd__ebufn_1 (sky130_fd_sc_hd__ebufn_1)
    port Z[0] of cell mux_left_track_13.mux_l2_in_0_.TGATE_1_.sky130_fd_sc_hd__ebufn_1 (sky130_fd_sc_hd__ebufn_1)
Warning: multiple conflicting drivers for sb_3__3_.\mux_left_track_13.mux_2level_tapbuf_size2_basis_size2_0_out:
    port Z[0] of cell mux_left_track_13.mux_l1_in_0_.TGATE_0_.sky130_fd_sc_hd__ebufn_1 (sky130_fd_sc_hd__ebufn_1)
    port Z[0] of cell mux_left_track_13.mux_l1_in_0_.TGATE_1_.sky130_fd_sc_hd__ebufn_1 (sky130_fd_sc_hd__ebufn_1)
Warning: multiple conflicting drivers for sb_3__3_.\mux_left_track_11.mux_2level_tapbuf_size2_basis_size2_1_out:
    port Z[0] of cell mux_left_track_11.mux_l2_in_0_.TGATE_0_.sky130_fd_sc_hd__ebufn_1 (sky130_fd_sc_hd__ebufn_1)
    port Z[0] of cell mux_left_track_11.mux_l2_in_0_.TGATE_1_.sky130_fd_sc_hd__ebufn_1 (sky130_fd_sc_hd__ebufn_1)
Warning: multiple conflicting drivers for sb_3__3_.\mux_left_track_11.mux_2level_tapbuf_size2_basis_size2_0_out:
    port Z[0] of cell mux_left_track_11.mux_l1_in_0_.TGATE_0_.sky130_fd_sc_hd__ebufn_1 (sky130_fd_sc_hd__ebufn_1)
    port Z[0] of cell mux_left_track_11.mux_l1_in_0_.TGATE_1_.sky130_fd_sc_hd__ebufn_1 (sky130_fd_sc_hd__ebufn_1)
Warning: multiple conflicting drivers for sb_3__3_.\mux_left_track_1.mux_2level_tapbuf_size2_basis_size2_1_out:
    port Z[0] of cell mux_left_track_1.mux_l2_in_0_.TGATE_0_.sky130_fd_sc_hd__ebufn_1 (sky130_fd_sc_hd__ebufn_1)
    port Z[0] of cell mux_left_track_1.mux_l2_in_0_.TGATE_1_.sky130_fd_sc_hd__ebufn_1 (sky130_fd_sc_hd__ebufn_1)
Warning: multiple conflicting drivers for sb_3__3_.\mux_left_track_1.mux_2level_tapbuf_size2_basis_size2_0_out:
    port Z[0] of cell mux_left_track_1.mux_l1_in_0_.TGATE_0_.sky130_fd_sc_hd__ebufn_1 (sky130_fd_sc_hd__ebufn_1)
    port Z[0] of cell mux_left_track_1.mux_l1_in_0_.TGATE_1_.sky130_fd_sc_hd__ebufn_1 (sky130_fd_sc_hd__ebufn_1)
Warning: multiple conflicting drivers for sb_3__3_.\mux_bottom_track_9.mux_2level_tapbuf_size2_basis_size2_1_out:
    port Z[0] of cell mux_bottom_track_9.mux_l2_in_0_.TGATE_0_.sky130_fd_sc_hd__ebufn_1 (sky130_fd_sc_hd__ebufn_1)
    port Z[0] of cell mux_bottom_track_9.mux_l2_in_0_.TGATE_1_.sky130_fd_sc_hd__ebufn_1 (sky130_fd_sc_hd__ebufn_1)
Warning: multiple conflicting drivers for sb_3__3_.\mux_bottom_track_9.mux_2level_tapbuf_size2_basis_size2_0_out:
    port Z[0] of cell mux_bottom_track_9.mux_l1_in_0_.TGATE_0_.sky130_fd_sc_hd__ebufn_1 (sky130_fd_sc_hd__ebufn_1)
    port Z[0] of cell mux_bottom_track_9.mux_l1_in_0_.TGATE_1_.sky130_fd_sc_hd__ebufn_1 (sky130_fd_sc_hd__ebufn_1)
Warning: multiple conflicting drivers for sb_3__3_.\mux_bottom_track_7.mux_2level_tapbuf_size2_basis_size2_1_out:
    port Z[0] of cell mux_bottom_track_7.mux_l2_in_0_.TGATE_0_.sky130_fd_sc_hd__ebufn_1 (sky130_fd_sc_hd__ebufn_1)
    port Z[0] of cell mux_bottom_track_7.mux_l2_in_0_.TGATE_1_.sky130_fd_sc_hd__ebufn_1 (sky130_fd_sc_hd__ebufn_1)
Warning: multiple conflicting drivers for sb_3__3_.\mux_bottom_track_7.mux_2level_tapbuf_size2_basis_size2_0_out:
    port Z[0] of cell mux_bottom_track_7.mux_l1_in_0_.TGATE_0_.sky130_fd_sc_hd__ebufn_1 (sky130_fd_sc_hd__ebufn_1)
    port Z[0] of cell mux_bottom_track_7.mux_l1_in_0_.TGATE_1_.sky130_fd_sc_hd__ebufn_1 (sky130_fd_sc_hd__ebufn_1)
Warning: multiple conflicting drivers for sb_3__3_.\mux_bottom_track_5.mux_2level_tapbuf_size2_basis_size2_1_out:
    port Z[0] of cell mux_bottom_track_5.mux_l2_in_0_.TGATE_0_.sky130_fd_sc_hd__ebufn_1 (sky130_fd_sc_hd__ebufn_1)
    port Z[0] of cell mux_bottom_track_5.mux_l2_in_0_.TGATE_1_.sky130_fd_sc_hd__ebufn_1 (sky130_fd_sc_hd__ebufn_1)
Warning: multiple conflicting drivers for sb_3__3_.\mux_bottom_track_5.mux_2level_tapbuf_size2_basis_size2_0_out:
    port Z[0] of cell mux_bottom_track_5.mux_l1_in_0_.TGATE_0_.sky130_fd_sc_hd__ebufn_1 (sky130_fd_sc_hd__ebufn_1)
    port Z[0] of cell mux_bottom_track_5.mux_l1_in_0_.TGATE_1_.sky130_fd_sc_hd__ebufn_1 (sky130_fd_sc_hd__ebufn_1)
Warning: multiple conflicting drivers for sb_3__3_.\mux_bottom_track_3.mux_2level_tapbuf_size2_basis_size2_1_out:
    port Z[0] of cell mux_bottom_track_3.mux_l2_in_0_.TGATE_0_.sky130_fd_sc_hd__ebufn_1 (sky130_fd_sc_hd__ebufn_1)
    port Z[0] of cell mux_bottom_track_3.mux_l2_in_0_.TGATE_1_.sky130_fd_sc_hd__ebufn_1 (sky130_fd_sc_hd__ebufn_1)
Warning: multiple conflicting drivers for sb_3__3_.\mux_bottom_track_3.mux_2level_tapbuf_size2_basis_size2_0_out:
    port Z[0] of cell mux_bottom_track_3.mux_l1_in_0_.TGATE_0_.sky130_fd_sc_hd__ebufn_1 (sky130_fd_sc_hd__ebufn_1)
    port Z[0] of cell mux_bottom_track_3.mux_l1_in_0_.TGATE_1_.sky130_fd_sc_hd__ebufn_1 (sky130_fd_sc_hd__ebufn_1)
Warning: multiple conflicting drivers for sb_3__3_.\mux_bottom_track_17.mux_2level_tapbuf_size2_basis_size2_1_out:
    port Z[0] of cell mux_bottom_track_17.mux_l2_in_0_.TGATE_0_.sky130_fd_sc_hd__ebufn_1 (sky130_fd_sc_hd__ebufn_1)
    port Z[0] of cell mux_bottom_track_17.mux_l2_in_0_.TGATE_1_.sky130_fd_sc_hd__ebufn_1 (sky130_fd_sc_hd__ebufn_1)
Warning: multiple conflicting drivers for sb_3__3_.\mux_bottom_track_17.mux_2level_tapbuf_size2_basis_size2_0_out:
    port Z[0] of cell mux_bottom_track_17.mux_l1_in_0_.TGATE_0_.sky130_fd_sc_hd__ebufn_1 (sky130_fd_sc_hd__ebufn_1)
    port Z[0] of cell mux_bottom_track_17.mux_l1_in_0_.TGATE_1_.sky130_fd_sc_hd__ebufn_1 (sky130_fd_sc_hd__ebufn_1)
Warning: multiple conflicting drivers for sb_3__3_.\mux_bottom_track_15.mux_2level_tapbuf_size2_basis_size2_1_out:
    port Z[0] of cell mux_bottom_track_15.mux_l2_in_0_.TGATE_0_.sky130_fd_sc_hd__ebufn_1 (sky130_fd_sc_hd__ebufn_1)
    port Z[0] of cell mux_bottom_track_15.mux_l2_in_0_.TGATE_1_.sky130_fd_sc_hd__ebufn_1 (sky130_fd_sc_hd__ebufn_1)
Warning: multiple conflicting drivers for sb_3__3_.\mux_bottom_track_15.mux_2level_tapbuf_size2_basis_size2_0_out:
    port Z[0] of cell mux_bottom_track_15.mux_l1_in_0_.TGATE_0_.sky130_fd_sc_hd__ebufn_1 (sky130_fd_sc_hd__ebufn_1)
    port Z[0] of cell mux_bottom_track_15.mux_l1_in_0_.TGATE_1_.sky130_fd_sc_hd__ebufn_1 (sky130_fd_sc_hd__ebufn_1)
Warning: multiple conflicting drivers for sb_3__3_.\mux_bottom_track_13.mux_2level_tapbuf_size2_basis_size2_1_out:
    port Z[0] of cell mux_bottom_track_13.mux_l2_in_0_.TGATE_0_.sky130_fd_sc_hd__ebufn_1 (sky130_fd_sc_hd__ebufn_1)
    port Z[0] of cell mux_bottom_track_13.mux_l2_in_0_.TGATE_1_.sky130_fd_sc_hd__ebufn_1 (sky130_fd_sc_hd__ebufn_1)
Warning: multiple conflicting drivers for sb_3__3_.\mux_bottom_track_13.mux_2level_tapbuf_size2_basis_size2_0_out:
    port Z[0] of cell mux_bottom_track_13.mux_l1_in_0_.TGATE_0_.sky130_fd_sc_hd__ebufn_1 (sky130_fd_sc_hd__ebufn_1)
    port Z[0] of cell mux_bottom_track_13.mux_l1_in_0_.TGATE_1_.sky130_fd_sc_hd__ebufn_1 (sky130_fd_sc_hd__ebufn_1)
Warning: multiple conflicting drivers for sb_3__3_.\mux_bottom_track_11.mux_2level_tapbuf_size2_basis_size2_1_out:
    port Z[0] of cell mux_bottom_track_11.mux_l2_in_0_.TGATE_0_.sky130_fd_sc_hd__ebufn_1 (sky130_fd_sc_hd__ebufn_1)
    port Z[0] of cell mux_bottom_track_11.mux_l2_in_0_.TGATE_1_.sky130_fd_sc_hd__ebufn_1 (sky130_fd_sc_hd__ebufn_1)
Warning: multiple conflicting drivers for sb_3__3_.\mux_bottom_track_11.mux_2level_tapbuf_size2_basis_size2_0_out:
    port Z[0] of cell mux_bottom_track_11.mux_l1_in_0_.TGATE_0_.sky130_fd_sc_hd__ebufn_1 (sky130_fd_sc_hd__ebufn_1)
    port Z[0] of cell mux_bottom_track_11.mux_l1_in_0_.TGATE_1_.sky130_fd_sc_hd__ebufn_1 (sky130_fd_sc_hd__ebufn_1)
Warning: multiple conflicting drivers for sb_3__3_.\mux_bottom_track_1.mux_2level_tapbuf_size2_basis_size2_1_out:
    port Z[0] of cell mux_bottom_track_1.mux_l2_in_0_.TGATE_0_.sky130_fd_sc_hd__ebufn_1 (sky130_fd_sc_hd__ebufn_1)
    port Z[0] of cell mux_bottom_track_1.mux_l2_in_0_.TGATE_1_.sky130_fd_sc_hd__ebufn_1 (sky130_fd_sc_hd__ebufn_1)
Warning: multiple conflicting drivers for sb_3__3_.\mux_bottom_track_1.mux_2level_tapbuf_size2_basis_size2_0_out:
    port Z[0] of cell mux_bottom_track_1.mux_l1_in_0_.TGATE_0_.sky130_fd_sc_hd__ebufn_1 (sky130_fd_sc_hd__ebufn_1)
    port Z[0] of cell mux_bottom_track_1.mux_l1_in_0_.TGATE_1_.sky130_fd_sc_hd__ebufn_1 (sky130_fd_sc_hd__ebufn_1)
Warning: Wire sb_3__3_.$auto$hilomap.cc:39:hilomap_worker$113 is used but has no driver.
Warning: Wire sb_3__3_.$auto$hilomap.cc:39:hilomap_worker$111 is used but has no driver.
Warning: Wire sb_3__3_.$auto$hilomap.cc:39:hilomap_worker$109 is used but has no driver.
Warning: Wire sb_3__3_.$auto$hilomap.cc:39:hilomap_worker$107 is used but has no driver.
Warning: Wire sb_3__3_.$auto$hilomap.cc:39:hilomap_worker$105 is used but has no driver.
Warning: Wire sb_3__3_.$auto$hilomap.cc:39:hilomap_worker$103 is used but has no driver.
Warning: Wire sb_3__3_.$auto$hilomap.cc:39:hilomap_worker$101 is used but has no driver.
Warning: Wire sb_3__3_.$auto$hilomap.cc:39:hilomap_worker$99 is used but has no driver.
Warning: Wire sb_3__3_.$auto$hilomap.cc:39:hilomap_worker$97 is used but has no driver.
Warning: Wire sb_3__3_.$auto$hilomap.cc:39:hilomap_worker$95 is used but has no driver.
Warning: Wire sb_3__3_.$auto$hilomap.cc:39:hilomap_worker$93 is used but has no driver.
Warning: Wire sb_3__3_.$auto$hilomap.cc:39:hilomap_worker$91 is used but has no driver.
Warning: Wire sb_3__3_.$auto$hilomap.cc:39:hilomap_worker$89 is used but has no driver.
Warning: Wire sb_3__3_.$auto$hilomap.cc:39:hilomap_worker$87 is used but has no driver.
Warning: Wire sb_3__3_.$auto$hilomap.cc:39:hilomap_worker$85 is used but has no driver.
Warning: Wire sb_3__3_.$auto$hilomap.cc:39:hilomap_worker$83 is used but has no driver.
Warning: Wire sb_3__3_.$auto$hilomap.cc:39:hilomap_worker$81 is used but has no driver.
Warning: Wire sb_3__3_.$auto$hilomap.cc:39:hilomap_worker$79 is used but has no driver.
Warning: Wire sb_3__3_.$abc$75$flatten\mem_bottom_track_1.\sc_dff_compact_0_.$not$/openLANE_flow/designs/sb_3__3_/src/user_defined_templates.v:61$3_Y is used but has no driver.
found and reported 55 problems.
