
24. Executing CHECK pass (checking for obvious problems).
checking module sb_0__0_..
Warning: multiple conflicting drivers for sb_0__0_.\mux_top_track_8.mux_2level_tapbuf_size2_basis_size2_1_out:
    port Z[0] of cell mux_top_track_8.mux_l2_in_0_.TGATE_0_.sky130_fd_sc_hd__ebufn_1 (sky130_fd_sc_hd__ebufn_1)
    port Z[0] of cell mux_top_track_8.mux_l2_in_0_.TGATE_1_.sky130_fd_sc_hd__ebufn_1 (sky130_fd_sc_hd__ebufn_1)
Warning: multiple conflicting drivers for sb_0__0_.\mux_top_track_8.mux_2level_tapbuf_size2_basis_size2_0_out:
    port Z[0] of cell mux_top_track_8.mux_l1_in_0_.TGATE_0_.sky130_fd_sc_hd__ebufn_1 (sky130_fd_sc_hd__ebufn_1)
    port Z[0] of cell mux_top_track_8.mux_l1_in_0_.TGATE_1_.sky130_fd_sc_hd__ebufn_1 (sky130_fd_sc_hd__ebufn_1)
Warning: multiple conflicting drivers for sb_0__0_.\mux_top_track_6.mux_2level_tapbuf_size2_basis_size2_1_out:
    port Z[0] of cell mux_top_track_6.mux_l2_in_0_.TGATE_0_.sky130_fd_sc_hd__ebufn_1 (sky130_fd_sc_hd__ebufn_1)
    port Z[0] of cell mux_top_track_6.mux_l2_in_0_.TGATE_1_.sky130_fd_sc_hd__ebufn_1 (sky130_fd_sc_hd__ebufn_1)
Warning: multiple conflicting drivers for sb_0__0_.\mux_top_track_6.mux_2level_tapbuf_size2_basis_size2_0_out:
    port Z[0] of cell mux_top_track_6.mux_l1_in_0_.TGATE_0_.sky130_fd_sc_hd__ebufn_1 (sky130_fd_sc_hd__ebufn_1)
    port Z[0] of cell mux_top_track_6.mux_l1_in_0_.TGATE_1_.sky130_fd_sc_hd__ebufn_1 (sky130_fd_sc_hd__ebufn_1)
Warning: multiple conflicting drivers for sb_0__0_.\mux_top_track_4.mux_2level_tapbuf_size2_basis_size2_1_out:
    port Z[0] of cell mux_top_track_4.mux_l2_in_0_.TGATE_0_.sky130_fd_sc_hd__ebufn_1 (sky130_fd_sc_hd__ebufn_1)
    port Z[0] of cell mux_top_track_4.mux_l2_in_0_.TGATE_1_.sky130_fd_sc_hd__ebufn_1 (sky130_fd_sc_hd__ebufn_1)
Warning: multiple conflicting drivers for sb_0__0_.\mux_top_track_4.mux_2level_tapbuf_size2_basis_size2_0_out:
    port Z[0] of cell mux_top_track_4.mux_l1_in_0_.TGATE_0_.sky130_fd_sc_hd__ebufn_1 (sky130_fd_sc_hd__ebufn_1)
    port Z[0] of cell mux_top_track_4.mux_l1_in_0_.TGATE_1_.sky130_fd_sc_hd__ebufn_1 (sky130_fd_sc_hd__ebufn_1)
Warning: multiple conflicting drivers for sb_0__0_.\mux_top_track_2.mux_2level_tapbuf_size2_basis_size2_1_out:
    port Z[0] of cell mux_top_track_2.mux_l2_in_0_.TGATE_0_.sky130_fd_sc_hd__ebufn_1 (sky130_fd_sc_hd__ebufn_1)
    port Z[0] of cell mux_top_track_2.mux_l2_in_0_.TGATE_1_.sky130_fd_sc_hd__ebufn_1 (sky130_fd_sc_hd__ebufn_1)
Warning: multiple conflicting drivers for sb_0__0_.\mux_top_track_2.mux_2level_tapbuf_size2_basis_size2_0_out:
    port Z[0] of cell mux_top_track_2.mux_l1_in_0_.TGATE_0_.sky130_fd_sc_hd__ebufn_1 (sky130_fd_sc_hd__ebufn_1)
    port Z[0] of cell mux_top_track_2.mux_l1_in_0_.TGATE_1_.sky130_fd_sc_hd__ebufn_1 (sky130_fd_sc_hd__ebufn_1)
Warning: multiple conflicting drivers for sb_0__0_.\mux_top_track_16.mux_2level_tapbuf_size2_basis_size2_1_out:
    port Z[0] of cell mux_top_track_16.mux_l2_in_0_.TGATE_0_.sky130_fd_sc_hd__ebufn_1 (sky130_fd_sc_hd__ebufn_1)
    port Z[0] of cell mux_top_track_16.mux_l2_in_0_.TGATE_1_.sky130_fd_sc_hd__ebufn_1 (sky130_fd_sc_hd__ebufn_1)
Warning: multiple conflicting drivers for sb_0__0_.\mux_top_track_16.mux_2level_tapbuf_size2_basis_size2_0_out:
    port Z[0] of cell mux_top_track_16.mux_l1_in_0_.TGATE_0_.sky130_fd_sc_hd__ebufn_1 (sky130_fd_sc_hd__ebufn_1)
    port Z[0] of cell mux_top_track_16.mux_l1_in_0_.TGATE_1_.sky130_fd_sc_hd__ebufn_1 (sky130_fd_sc_hd__ebufn_1)
Warning: multiple conflicting drivers for sb_0__0_.\mux_top_track_14.mux_2level_tapbuf_size2_basis_size2_1_out:
    port Z[0] of cell mux_top_track_14.mux_l2_in_0_.TGATE_0_.sky130_fd_sc_hd__ebufn_1 (sky130_fd_sc_hd__ebufn_1)
    port Z[0] of cell mux_top_track_14.mux_l2_in_0_.TGATE_1_.sky130_fd_sc_hd__ebufn_1 (sky130_fd_sc_hd__ebufn_1)
Warning: multiple conflicting drivers for sb_0__0_.\mux_top_track_14.mux_2level_tapbuf_size2_basis_size2_0_out:
    port Z[0] of cell mux_top_track_14.mux_l1_in_0_.TGATE_0_.sky130_fd_sc_hd__ebufn_1 (sky130_fd_sc_hd__ebufn_1)
    port Z[0] of cell mux_top_track_14.mux_l1_in_0_.TGATE_1_.sky130_fd_sc_hd__ebufn_1 (sky130_fd_sc_hd__ebufn_1)
Warning: multiple conflicting drivers for sb_0__0_.\mux_top_track_12.mux_2level_tapbuf_size2_basis_size2_1_out:
    port Z[0] of cell mux_top_track_12.mux_l2_in_0_.TGATE_0_.sky130_fd_sc_hd__ebufn_1 (sky130_fd_sc_hd__ebufn_1)
    port Z[0] of cell mux_top_track_12.mux_l2_in_0_.TGATE_1_.sky130_fd_sc_hd__ebufn_1 (sky130_fd_sc_hd__ebufn_1)
Warning: multiple conflicting drivers for sb_0__0_.\mux_top_track_12.mux_2level_tapbuf_size2_basis_size2_0_out:
    port Z[0] of cell mux_top_track_12.mux_l1_in_0_.TGATE_0_.sky130_fd_sc_hd__ebufn_1 (sky130_fd_sc_hd__ebufn_1)
    port Z[0] of cell mux_top_track_12.mux_l1_in_0_.TGATE_1_.sky130_fd_sc_hd__ebufn_1 (sky130_fd_sc_hd__ebufn_1)
Warning: multiple conflicting drivers for sb_0__0_.\mux_top_track_10.mux_2level_tapbuf_size2_basis_size2_1_out:
    port Z[0] of cell mux_top_track_10.mux_l2_in_0_.TGATE_0_.sky130_fd_sc_hd__ebufn_1 (sky130_fd_sc_hd__ebufn_1)
    port Z[0] of cell mux_top_track_10.mux_l2_in_0_.TGATE_1_.sky130_fd_sc_hd__ebufn_1 (sky130_fd_sc_hd__ebufn_1)
Warning: multiple conflicting drivers for sb_0__0_.\mux_top_track_10.mux_2level_tapbuf_size2_basis_size2_0_out:
    port Z[0] of cell mux_top_track_10.mux_l1_in_0_.TGATE_0_.sky130_fd_sc_hd__ebufn_1 (sky130_fd_sc_hd__ebufn_1)
    port Z[0] of cell mux_top_track_10.mux_l1_in_0_.TGATE_1_.sky130_fd_sc_hd__ebufn_1 (sky130_fd_sc_hd__ebufn_1)
Warning: multiple conflicting drivers for sb_0__0_.\mux_top_track_0.mux_2level_tapbuf_size2_basis_size2_1_out:
    port Z[0] of cell mux_top_track_0.mux_l2_in_0_.TGATE_0_.sky130_fd_sc_hd__ebufn_1 (sky130_fd_sc_hd__ebufn_1)
    port Z[0] of cell mux_top_track_0.mux_l2_in_0_.TGATE_1_.sky130_fd_sc_hd__ebufn_1 (sky130_fd_sc_hd__ebufn_1)
Warning: multiple conflicting drivers for sb_0__0_.\mux_top_track_0.mux_2level_tapbuf_size2_basis_size2_0_out:
    port Z[0] of cell mux_top_track_0.mux_l1_in_0_.TGATE_0_.sky130_fd_sc_hd__ebufn_1 (sky130_fd_sc_hd__ebufn_1)
    port Z[0] of cell mux_top_track_0.mux_l1_in_0_.TGATE_1_.sky130_fd_sc_hd__ebufn_1 (sky130_fd_sc_hd__ebufn_1)
Warning: multiple conflicting drivers for sb_0__0_.\mux_right_track_8.mux_2level_tapbuf_size2_basis_size2_1_out:
    port Z[0] of cell mux_right_track_8.mux_l2_in_0_.TGATE_0_.sky130_fd_sc_hd__ebufn_1 (sky130_fd_sc_hd__ebufn_1)
    port Z[0] of cell mux_right_track_8.mux_l2_in_0_.TGATE_1_.sky130_fd_sc_hd__ebufn_1 (sky130_fd_sc_hd__ebufn_1)
Warning: multiple conflicting drivers for sb_0__0_.\mux_right_track_8.mux_2level_tapbuf_size2_basis_size2_0_out:
    port Z[0] of cell mux_right_track_8.mux_l1_in_0_.TGATE_0_.sky130_fd_sc_hd__ebufn_1 (sky130_fd_sc_hd__ebufn_1)
    port Z[0] of cell mux_right_track_8.mux_l1_in_0_.TGATE_1_.sky130_fd_sc_hd__ebufn_1 (sky130_fd_sc_hd__ebufn_1)
Warning: multiple conflicting drivers for sb_0__0_.\mux_right_track_6.mux_2level_tapbuf_size2_basis_size2_1_out:
    port Z[0] of cell mux_right_track_6.mux_l2_in_0_.TGATE_0_.sky130_fd_sc_hd__ebufn_1 (sky130_fd_sc_hd__ebufn_1)
    port Z[0] of cell mux_right_track_6.mux_l2_in_0_.TGATE_1_.sky130_fd_sc_hd__ebufn_1 (sky130_fd_sc_hd__ebufn_1)
Warning: multiple conflicting drivers for sb_0__0_.\mux_right_track_6.mux_2level_tapbuf_size2_basis_size2_0_out:
    port Z[0] of cell mux_right_track_6.mux_l1_in_0_.TGATE_0_.sky130_fd_sc_hd__ebufn_1 (sky130_fd_sc_hd__ebufn_1)
    port Z[0] of cell mux_right_track_6.mux_l1_in_0_.TGATE_1_.sky130_fd_sc_hd__ebufn_1 (sky130_fd_sc_hd__ebufn_1)
Warning: multiple conflicting drivers for sb_0__0_.\mux_right_track_4.mux_2level_tapbuf_size2_basis_size2_1_out:
    port Z[0] of cell mux_right_track_4.mux_l2_in_0_.TGATE_0_.sky130_fd_sc_hd__ebufn_1 (sky130_fd_sc_hd__ebufn_1)
    port Z[0] of cell mux_right_track_4.mux_l2_in_0_.TGATE_1_.sky130_fd_sc_hd__ebufn_1 (sky130_fd_sc_hd__ebufn_1)
Warning: multiple conflicting drivers for sb_0__0_.\mux_right_track_4.mux_2level_tapbuf_size2_basis_size2_0_out:
    port Z[0] of cell mux_right_track_4.mux_l1_in_0_.TGATE_0_.sky130_fd_sc_hd__ebufn_1 (sky130_fd_sc_hd__ebufn_1)
    port Z[0] of cell mux_right_track_4.mux_l1_in_0_.TGATE_1_.sky130_fd_sc_hd__ebufn_1 (sky130_fd_sc_hd__ebufn_1)
Warning: multiple conflicting drivers for sb_0__0_.\mux_right_track_2.mux_2level_tapbuf_size2_basis_size2_1_out:
    port Z[0] of cell mux_right_track_2.mux_l2_in_0_.TGATE_0_.sky130_fd_sc_hd__ebufn_1 (sky130_fd_sc_hd__ebufn_1)
    port Z[0] of cell mux_right_track_2.mux_l2_in_0_.TGATE_1_.sky130_fd_sc_hd__ebufn_1 (sky130_fd_sc_hd__ebufn_1)
Warning: multiple conflicting drivers for sb_0__0_.\mux_right_track_2.mux_2level_tapbuf_size2_basis_size2_0_out:
    port Z[0] of cell mux_right_track_2.mux_l1_in_0_.TGATE_0_.sky130_fd_sc_hd__ebufn_1 (sky130_fd_sc_hd__ebufn_1)
    port Z[0] of cell mux_right_track_2.mux_l1_in_0_.TGATE_1_.sky130_fd_sc_hd__ebufn_1 (sky130_fd_sc_hd__ebufn_1)
Warning: multiple conflicting drivers for sb_0__0_.\mux_right_track_16.mux_2level_tapbuf_size2_basis_size2_1_out:
    port Z[0] of cell mux_right_track_16.mux_l2_in_0_.TGATE_0_.sky130_fd_sc_hd__ebufn_1 (sky130_fd_sc_hd__ebufn_1)
    port Z[0] of cell mux_right_track_16.mux_l2_in_0_.TGATE_1_.sky130_fd_sc_hd__ebufn_1 (sky130_fd_sc_hd__ebufn_1)
Warning: multiple conflicting drivers for sb_0__0_.\mux_right_track_16.mux_2level_tapbuf_size2_basis_size2_0_out:
    port Z[0] of cell mux_right_track_16.mux_l1_in_0_.TGATE_0_.sky130_fd_sc_hd__ebufn_1 (sky130_fd_sc_hd__ebufn_1)
    port Z[0] of cell mux_right_track_16.mux_l1_in_0_.TGATE_1_.sky130_fd_sc_hd__ebufn_1 (sky130_fd_sc_hd__ebufn_1)
Warning: multiple conflicting drivers for sb_0__0_.\mux_right_track_14.mux_2level_tapbuf_size2_basis_size2_1_out:
    port Z[0] of cell mux_right_track_14.mux_l2_in_0_.TGATE_0_.sky130_fd_sc_hd__ebufn_1 (sky130_fd_sc_hd__ebufn_1)
    port Z[0] of cell mux_right_track_14.mux_l2_in_0_.TGATE_1_.sky130_fd_sc_hd__ebufn_1 (sky130_fd_sc_hd__ebufn_1)
Warning: multiple conflicting drivers for sb_0__0_.\mux_right_track_14.mux_2level_tapbuf_size2_basis_size2_0_out:
    port Z[0] of cell mux_right_track_14.mux_l1_in_0_.TGATE_0_.sky130_fd_sc_hd__ebufn_1 (sky130_fd_sc_hd__ebufn_1)
    port Z[0] of cell mux_right_track_14.mux_l1_in_0_.TGATE_1_.sky130_fd_sc_hd__ebufn_1 (sky130_fd_sc_hd__ebufn_1)
Warning: multiple conflicting drivers for sb_0__0_.\mux_right_track_12.mux_2level_tapbuf_size2_basis_size2_1_out:
    port Z[0] of cell mux_right_track_12.mux_l2_in_0_.TGATE_0_.sky130_fd_sc_hd__ebufn_1 (sky130_fd_sc_hd__ebufn_1)
    port Z[0] of cell mux_right_track_12.mux_l2_in_0_.TGATE_1_.sky130_fd_sc_hd__ebufn_1 (sky130_fd_sc_hd__ebufn_1)
Warning: multiple conflicting drivers for sb_0__0_.\mux_right_track_12.mux_2level_tapbuf_size2_basis_size2_0_out:
    port Z[0] of cell mux_right_track_12.mux_l1_in_0_.TGATE_0_.sky130_fd_sc_hd__ebufn_1 (sky130_fd_sc_hd__ebufn_1)
    port Z[0] of cell mux_right_track_12.mux_l1_in_0_.TGATE_1_.sky130_fd_sc_hd__ebufn_1 (sky130_fd_sc_hd__ebufn_1)
Warning: multiple conflicting drivers for sb_0__0_.\mux_right_track_10.mux_2level_tapbuf_size2_basis_size2_1_out:
    port Z[0] of cell mux_right_track_10.mux_l2_in_0_.TGATE_0_.sky130_fd_sc_hd__ebufn_1 (sky130_fd_sc_hd__ebufn_1)
    port Z[0] of cell mux_right_track_10.mux_l2_in_0_.TGATE_1_.sky130_fd_sc_hd__ebufn_1 (sky130_fd_sc_hd__ebufn_1)
Warning: multiple conflicting drivers for sb_0__0_.\mux_right_track_10.mux_2level_tapbuf_size2_basis_size2_0_out:
    port Z[0] of cell mux_right_track_10.mux_l1_in_0_.TGATE_0_.sky130_fd_sc_hd__ebufn_1 (sky130_fd_sc_hd__ebufn_1)
    port Z[0] of cell mux_right_track_10.mux_l1_in_0_.TGATE_1_.sky130_fd_sc_hd__ebufn_1 (sky130_fd_sc_hd__ebufn_1)
Warning: multiple conflicting drivers for sb_0__0_.\mux_right_track_0.mux_2level_tapbuf_size2_basis_size2_1_out:
    port Z[0] of cell mux_right_track_0.mux_l2_in_0_.TGATE_0_.sky130_fd_sc_hd__ebufn_1 (sky130_fd_sc_hd__ebufn_1)
    port Z[0] of cell mux_right_track_0.mux_l2_in_0_.TGATE_1_.sky130_fd_sc_hd__ebufn_1 (sky130_fd_sc_hd__ebufn_1)
Warning: multiple conflicting drivers for sb_0__0_.\mux_right_track_0.mux_2level_tapbuf_size2_basis_size2_0_out:
    port Z[0] of cell mux_right_track_0.mux_l1_in_0_.TGATE_0_.sky130_fd_sc_hd__ebufn_1 (sky130_fd_sc_hd__ebufn_1)
    port Z[0] of cell mux_right_track_0.mux_l1_in_0_.TGATE_1_.sky130_fd_sc_hd__ebufn_1 (sky130_fd_sc_hd__ebufn_1)
Warning: Wire sb_0__0_.$auto$hilomap.cc:39:hilomap_worker$113 is used but has no driver.
Warning: Wire sb_0__0_.$auto$hilomap.cc:39:hilomap_worker$111 is used but has no driver.
Warning: Wire sb_0__0_.$auto$hilomap.cc:39:hilomap_worker$109 is used but has no driver.
Warning: Wire sb_0__0_.$auto$hilomap.cc:39:hilomap_worker$107 is used but has no driver.
Warning: Wire sb_0__0_.$auto$hilomap.cc:39:hilomap_worker$105 is used but has no driver.
Warning: Wire sb_0__0_.$auto$hilomap.cc:39:hilomap_worker$103 is used but has no driver.
Warning: Wire sb_0__0_.$auto$hilomap.cc:39:hilomap_worker$101 is used but has no driver.
Warning: Wire sb_0__0_.$auto$hilomap.cc:39:hilomap_worker$99 is used but has no driver.
Warning: Wire sb_0__0_.$auto$hilomap.cc:39:hilomap_worker$97 is used but has no driver.
Warning: Wire sb_0__0_.$auto$hilomap.cc:39:hilomap_worker$95 is used but has no driver.
Warning: Wire sb_0__0_.$auto$hilomap.cc:39:hilomap_worker$93 is used but has no driver.
Warning: Wire sb_0__0_.$auto$hilomap.cc:39:hilomap_worker$91 is used but has no driver.
Warning: Wire sb_0__0_.$auto$hilomap.cc:39:hilomap_worker$89 is used but has no driver.
Warning: Wire sb_0__0_.$auto$hilomap.cc:39:hilomap_worker$87 is used but has no driver.
Warning: Wire sb_0__0_.$auto$hilomap.cc:39:hilomap_worker$85 is used but has no driver.
Warning: Wire sb_0__0_.$auto$hilomap.cc:39:hilomap_worker$83 is used but has no driver.
Warning: Wire sb_0__0_.$auto$hilomap.cc:39:hilomap_worker$81 is used but has no driver.
Warning: Wire sb_0__0_.$auto$hilomap.cc:39:hilomap_worker$79 is used but has no driver.
Warning: Wire sb_0__0_.$abc$75$flatten\mem_right_track_0.\sc_dff_compact_0_.$not$/openLANE_flow/designs/sb_0__0_/src/user_defined_templates.v:61$3_Y is used but has no driver.
found and reported 55 problems.
