
24. Executing CHECK pass (checking for obvious problems).
checking module sb_1__1_..
Warning: Wire sb_1__1_.\chany_top_out [8] is used but has no driver.
Warning: Wire sb_1__1_.\chany_top_out [4] is used but has no driver.
Warning: Wire sb_1__1_.\chany_top_out [0] is used but has no driver.
Warning: Wire sb_1__1_.\chany_bottom_out [8] is used but has no driver.
Warning: Wire sb_1__1_.\chany_bottom_out [4] is used but has no driver.
Warning: Wire sb_1__1_.\chany_bottom_out [0] is used but has no driver.
Warning: Wire sb_1__1_.\chanx_right_out [8] is used but has no driver.
Warning: Wire sb_1__1_.\chanx_right_out [4] is used but has no driver.
Warning: Wire sb_1__1_.\chanx_right_out [0] is used but has no driver.
Warning: Wire sb_1__1_.\chanx_left_out [8] is used but has no driver.
Warning: Wire sb_1__1_.\chanx_left_out [4] is used but has no driver.
Warning: Wire sb_1__1_.\chanx_left_out [0] is used but has no driver.
Warning: Wire sb_1__1_.$abc$84$flatten\mem_bottom_track_1.\sc_dff_compact_0_.$not$/openLANE_flow/designs/sb_1__1_/src/user_defined_templates.v:61$12_Y is used but has no driver.
found and reported 13 problems.
